******************************************************************************
                  TI ARM Linker PC v5.2.4                      
******************************************************************************
>> Linked Fri May 15 15:27:54 2015

OUTPUT FILE NAME:   <3200ExositeDemo.out>
ENTRY POINT SYMBOL: "_c_int00"  address: 200140f1


MEMORY CONFIGURATION

         name            origin    length      used     unused   attr    fill
----------------------  --------  ---------  --------  --------  ----  --------
  SRAM_CODE             20004000   00013000  000117e4  0000181c  RW X
  SRAM_DATA             20017000   00019000  0000a388  0000ec78  RW X


SEGMENT ALLOCATION MAP

run origin  load origin   length   init length attrs members
----------  ----------- ---------- ----------- ----- -------
20004000    20004000    000117e8   000117e8    r-x
  20004000    20004000    00000400   00000400    r-- .intvecs
  20004400    20004400    00010a5c   00010a5c    r-x .text
  20014e60    20014e60    00000828   00000828    r-- .const
  20015688    20015688    00000160   00000160    r-- .cinit
20017000    20017000    0000638c   00000000    rw-
  20017000    20017000    00004000   00000000    rw- .sysmem
  2001b000    2001b000    00001efc   00000000    rw- .bss
  2001cf00    2001cf00    0000048c   00000000    rw- .data
2002c000    2002c000    00004000   00000000    rw-
  2002c000    2002c000    00004000   00000000    rw- .stack


SECTION ALLOCATION MAP

 output                                  attributes/
section   page    origin      length       input sections
--------  ----  ----------  ----------   ----------------
.intvecs   0    20004000    00000400     
                  20004000    00000400     startup_ccs.obj (.intvecs)

.init_array 
*          0    20004000    00000000     UNINITIALIZED

.text      0    20004400    00010a5c     
                  20004400    00001484     main.obj (.text)
                  20005884    00001258     free_rtos.a : tasks.obj (.text)
                  20006adc    000010a6     rtsv7M4_T_le_eabi.lib : _printfi.obj (.text)
                  20007b82    00000002     driverlib.a : interrupt.obj (.text:IntDefaultHandler)
                  20007b84    00000ec8     exosite_http.obj (.text)
                  20008a4c    00000d34     utility.obj (.text)
                  20009780    00000b24     free_rtos.a : queue.obj (.text)
                  2000a2a4    00000920     exosite_pal_cc3200.obj (.text)
                  2000abc4    00000906     rtsv7M4_T_le_eabi.lib : _scanfi.obj (.text)
                  2000b4ca    00000002     --HOLE-- [fill = 0]
                  2000b4cc    000005ec     simplelink.a : driver.obj (.text:_SlDrvMsgRead)
                  2000bab8    00000480     rtsv7M4_T_le_eabi.lib : pow.obj (.text)
                  2000bf38    0000045c     free_rtos.a : osi_freertos.obj (.text)
                  2000c394    0000040c     tmp006drv.obj (.text)
                  2000c7a0    000003dc     rtsv7M4_T_le_eabi.lib : memory.obj (.text)
                  2000cb7c    00000354     gpio_if.obj (.text)
                  2000ced0    0000030c     rtsv7M4_T_le_eabi.lib : lowlev.obj (.text)
                  2000d1dc    000002e4                           : xlog.obj (.text)
                  2000d4c0    000002d4                           : trgdrv.obj (.text)
                  2000d794    000002a8     i2c_if.obj (.text)
                  2000da3c    0000026c     uart_if.obj (.text)
                  2000dca8    00000248     simplelink.a : driver.obj (.text:_SlDrvRxHdrRead)
                  2000def0    00000238     rtsv7M4_T_le_eabi.lib : strtod.obj (.text)
                  2000e128    00000228                           : strtold.obj (.text)
                  2000e350    000001fc                           : xexp.obj (.text)
                  2000e54c    000001f4                           : ull_div_t2.obj (.text)
                  2000e740    000001ec     bma222drv.obj (.text)
                  2000e92c    000001e4     rtsv7M4_T_le_eabi.lib : strtoll.obj (.text)
                  2000eb10    000001d0     simplelink.a : driver.obj (.text:_SlDrvReleasePoolObj)
                  2000ece0    000001cc                  : driver.obj (.text:_SlDrvMsgWrite)
                  2000eeac    000001c4     rtsv7M4_T_le_eabi.lib : fopen.obj (.text)
                  2000f070    000001b6                           : fd_add_t2.obj (.text)
                  2000f226    00000002     --HOLE-- [fill = 0]
                  2000f228    00000190     simplelink.a : driver.obj (.text:_SlDrvWaitForPoolObj)
                  2000f3b8    00000174                  : driver.obj (.text:_SlDrvDriverCBInit)
                  2000f52c    00000170                  : driver.obj (.text:_SlFindAndSetActiveObj)
                  2000f69c    0000016c     rtsv7M4_T_le_eabi.lib : strtoull.obj (.text)
                  2000f808    00000168     simplelink.a : netapp.obj (.text:sl_NetAppPingStart)
                  2000f970    0000014c                  : cc_pal.obj (.text:spi_Open)
                  2000fabc    00000136     rtsv7M4_T_le_eabi.lib : fd_div_t2.obj (.text)
                  2000fbf2    00000002     --HOLE-- [fill = 0]
                  2000fbf4    00000134     driverlib.a : prcm.obj (.text:PRCMCC3200MCUInit)
                  2000fd28    00000134     rtsv7M4_T_le_eabi.lib : fputs.obj (.text)
                  2000fe5c    00000134                           : strtol.obj (.text)
                  2000ff90    0000012a     free_rtos.a : list.obj (.text)
                  200100ba    00000002     --HOLE-- [fill = 0]
                  200100bc    00000128     simplelink.a : driver.obj (.text:_SlDrvDataReadOp)
                  200101e4    00000114     rtsv7M4_T_le_eabi.lib : strtoul.obj (.text)
                  200102f8    00000110     free_rtos.a : port.obj (.text)
                  20010408    00000110     rtsv7M4_T_le_eabi.lib : xdscale.obj (.text)
                  20010518    00000108     simplelink.a : socket.obj (.text:sl_Connect)
                  20010620    00000108                  : socket.obj (.text:sl_Send)
                  20010728    00000104                  : driver.obj (.text:_SlDrvDataWriteOp)
                  2001082c    00000104                  : netapp.obj (.text:sl_NetAppDnsGetHostByName)
                  20010930    000000fe                  : netapp.obj (.text:_SlDrvNetAppEventHandler)
                  20010a2e    000000fc     rtsv7M4_T_le_eabi.lib : fd_mul_t2.obj (.text)
                  20010b2a    000000fa                           : fs_add_t2.obj (.text)
                  20010c24    000000f4     simplelink.a : driver.obj (.text:_SlDrvDriverCBDeinit)
                  20010d18    000000f4                  : fs.obj (.text:sl_FsRead)
                  20010e0c    000000f0     driverlib.a : udma.obj (.text:uDMAChannelTransferSet)
                  20010efc    000000ec     simplelink.a : fs.obj (.text:sl_FsWrite)
                  20010fe8    000000dc     rtsv7M4_T_le_eabi.lib : setvbuf.obj (.text)
                  200110c4    000000dc     simplelink.a : cc_pal.obj (.text:spi_Read)
                  200111a0    000000d8                  : driver.obj (.text:_SlDrvClassifyRxMsg)
                  20011278    000000d4                  : device.obj (.text:sl_Stop)
                  2001134c    000000cc     rtsv7M4_T_le_eabi.lib : sscanf.obj (.text)
                  20011418    000000cc     smartconfig.obj (.text)
                  200114e4    000000c8     simplelink.a : netapp.obj (.text:_sl_HandleAsync_DnsGetHostByService)
                  200115ac    000000c8     rtsv7M4_T_le_eabi.lib : fflush.obj (.text)
                  20011674    000000c0     simplelink.a : driver.obj (.text:_SlRemoveFromList)
                  20011734    000000c0     rtsv7M4_T_le_eabi.lib : xdint.obj (.text)
                  200117f4    000000be                           : xdnorm.obj (.text)
                  200118b2    00000002     --HOLE-- [fill = 0]
                  200118b4    000000bc     simplelink.a : driver.obj (.text:_SlDrvMsgReadCmdCtx)
                  20011970    000000bc                  : device.obj (.text:sl_Start)
                  20011a2c    000000ba     free_rtos.a : portasm.obj (.text)
                  20011ae6    00000002     --HOLE-- [fill = 0]
                  20011ae8    000000b8     simplelink.a : driver.obj (.text:_SlAsyncEventGenericHandler)
                  20011ba0    000000b8     device_status.obj (.text)
                  20011c58    000000ac     rtsv7M4_T_le_eabi.lib : _io_perm.obj (.text)
                  20011d04    000000a8     driverlib.a : interrupt.obj (.text:IntDisable)
                  20011dac    000000a8                 : interrupt.obj (.text:IntEnable)
                  20011e54    000000a8     simplelink.a : netcfg.obj (.text:sl_NetCfgGet)
                  20011efc    000000a0     driverlib.a : spi.obj (.text:SPIConfigSetExpClk)
                  20011f9c    0000009c     simplelink.a : driver.obj (.text:_SlDrvMsgReadSpawnCtx)
                  20012038    0000009c     rtsv7M4_T_le_eabi.lib : memcpy_t2.obj (.text)
                  200120d4    00000098     simplelink.a : fs.obj (.text:_sl_GetCreateFsMode)
                  2001216c    00000098     rtsv7M4_T_le_eabi.lib : fclose.obj (.text)
                  20012204    00000098                           : fputc.obj (.text)
                  2001229c    00000094     driverlib.a : prcm.obj (.text:PRCMPeripheralClockGet)
                  20012330    00000094     rtsv7M4_T_le_eabi.lib : snprintf.obj (.text)
                  200123c4    00000094     simplelink.a : wlan.obj (.text:sl_WlanGet)
                  20012458    00000092     rtsv7M4_T_le_eabi.lib : fs_div_t2.obj (.text)
                  200124ea    00000002     --HOLE-- [fill = 0]
                  200124ec    00000090     simplelink.a : wlan.obj (.text:sl_WlanSmartConfigStart)
                  2001257c    0000008c                  : cc_pal.obj (.text:SetupDMAReceive)
                  20012608    0000008c                  : cc_pal.obj (.text:SetupDMASend)
                  20012694    0000008c                  : netapp.obj (.text:_sl_HandleAsync_DnsGetHostByName)
                  20012720    0000008c                  : netapp.obj (.text:_sl_HandleAsync_PingResponse)
                  200127ac    0000008c                  : cc_pal.obj (.text:spi_Write)
                  20012838    00000088     driverlib.a : pin.obj (.text:PinConfigSet)
                  200128c0    00000088     rtsv7M4_T_le_eabi.lib : vsnprintf.obj (.text)
                  20012948    00000088     simplelink.a : fs.obj (.text:sl_FsClose)
                  200129d0    00000086     rtsv7M4_T_le_eabi.lib : fd_cmp_t2.obj (.text:__aeabi_cdcmple)
                  20012a56    00000086                           : fd_cmp_t2.obj (.text:__aeabi_cdrcmple)
                  20012adc    00000084     driverlib.a : i2c.obj (.text:I2CMasterInitExpClk)
                  20012b60    00000084     simplelink.a : cc_pal.obj (.text:NwpPowerOnPreamble)
                  20012be4    00000082     driverlib.a : gpio.obj (.text:GPIOIntTypeSet)
                  20012c66    00000002     --HOLE-- [fill = 0]
                  20012c68    00000080     simplelink.a : driver.obj (.text:_SlDrvCmdOp)
                  20012ce8    00000080                  : cc_pal.obj (.text:spi_Read_CPU)
                  20012d68    00000080                  : cc_pal.obj (.text:spi_Write_CPU)
                  20012de8    0000007c                  : device.obj (.text:_sl_HandleAsync_InitComplete)
                  20012e64    0000007a     rtsv7M4_T_le_eabi.lib : memset_t2.obj (.text)
                  20012ede    00000002     --HOLE-- [fill = 0]
                  20012ee0    00000078     simplelink.a : socket.obj (.text:_sl_HandleAsync_Connect)
                  20012f58    00000078                  : fs.obj (.text:sl_FsOpen)
                  20012fd0    00000078                  : cc_pal.obj (.text:spi_Close)
                  20013048    00000076     driverlib.a : uart.obj (.text:UARTConfigSetExpClk)
                  200130be    00000002     --HOLE-- [fill = 0]
                  200130c0    00000074     pinmux.obj (.text)
                  20013134    00000074     simplelink.a : socket.obj (.text:sl_Recv)
                  200131a8    00000070     rtsv7M4_T_le_eabi.lib : printf.obj (.text)
                  20013218    0000006c     simplelink.a : driver.obj (.text:_SlDrvCmdSend)
                  20013284    0000006c     rtsv7M4_T_le_eabi.lib : autoinit.obj (.text)
                  200132f0    0000006a                           : copy_decompress_rle.obj (.text)
                  2001335a    00000002     --HOLE-- [fill = 0]
                  2001335c    00000068     simplelink.a : netapp.obj (.text:_sl_NetAppSendTokenValue)
                  200133c4    00000068     rtsv7M4_T_le_eabi.lib : trgmsg.obj (.text)
                  2001342c    00000068     simplelink.a : device.obj (.text:sl_DevSet)
                  20013494    00000068                  : socket.obj (.text:sl_SetSockOpt)
                  200134fc    00000066     rtsv7M4_T_le_eabi.lib : xdunscal.obj (.text)
                  20013562    00000002     --HOLE-- [fill = 0]
                  20013564    00000064                           : fseek.obj (.text)
                  200135c8    00000064     driverlib.a : udma.obj (.text:uDMAChannelAttributeDisable)
                  2001362c    00000064                 : udma.obj (.text:uDMAChannelAttributeEnable)
                  20013690    00000060     simplelink.a : socket.obj (.text:_sl_HandleAsync_Accept)
                  200136f0    00000060     rtsv7M4_T_le_eabi.lib : sprintf.obj (.text)
                  20013750    00000060     simplelink.a : wlan.obj (.text:sl_WlanPolicySet)
                  200137b0    0000005c                  : socket.obj (.text:sl_Socket)
                  2001380c    00000058     driverlib.a : interrupt.obj (.text:IntPendClear)
                  20013864    00000058                 : prcm.obj (.text:PRCMPeripheralReset)
                  200138bc    00000056     rtsv7M4_T_le_eabi.lib : ltoa.obj (.text)
                  20013912    00000002     --HOLE-- [fill = 0]
                  20013914    00000054     driverlib.a : interrupt.obj (.text:IntPrioritySet)
                  20013968    00000054     simplelink.a : socket.obj (.text:_sl_HandleAsync_Select)
                  200139bc    00000050                  : device.obj (.text:_sl_HandleAsync_Stop)
                  20013a0c    00000050                  : fs.obj (.text:sl_FsDel)
                  20013a5c    0000004c     driverlib.a : spi.obj (.text:SPIIntEnable)
                  20013aa8    0000004c     simplelink.a : driver.obj (.text:_SlDrvProtectAsyncRespSetting)
                  20013af4    0000004c                  : driver.obj (.text:_SlDrvRxIrqHandler)
                  20013b40    0000004c                  : socket.obj (.text:_sl_BuildAddress)
                  20013b8c    0000004c     rtsv7M4_T_le_eabi.lib : atoi.obj (.text)
                  20013bd8    0000004c                           : cpy_tbl.obj (.text)
                  20013c24    0000004c     driverlib.a : udma.obj (.text:uDMAChannelAssign)
                  20013c70    0000004a     rtsv7M4_T_le_eabi.lib : fd_tos_t2.obj (.text)
                  20013cba    00000048     driverlib.a : gpio.obj (.text:GPIOGetIntNumber)
                  20013d02    00000002     --HOLE-- [fill = 0]
                  20013d04    00000048                 : spi.obj (.text:SPIIntClear)
                  20013d4c    00000048     simplelink.a : driver.obj (.text:_SlDrvBasicCmd)
                  20013d94    00000048     rtsv7M4_T_le_eabi.lib : fd_toi_t2.obj (.text)
                  20013ddc    00000048                           : ll_tofs_t2.obj (.text)
                  20013e24    00000046                           : ldexp.obj (.text)
                  20013e6a    00000002     --HOLE-- [fill = 0]
                  20013e6c    00000044     driverlib.a : spi.obj (.text:SPIDmaMaskGet)
                  20013eb0    00000044     simplelink.a : cc_pal.obj (.text:cc_SetupTransfer)
                  20013ef4    00000044     rtsv7M4_T_le_eabi.lib : exit.obj (.text)
                  20013f38    00000042     simplelink.a : socket.obj (.text:sl_Htonl)
                  20013f7a    00000002     --HOLE-- [fill = 0]
                  20013f7c    00000040     driverlib.a : pin.obj (.text:PinModeSet)
                  20013fbc    00000040     rtsv7M4_T_le_eabi.lib : signal.obj (.text)
                  20013ffc    00000040                           : strtok.obj (.text)
                  2001403c    0000003c     simplelink.a : netapp.obj (.text:CopyPingResultsToReport)
                  20014078    0000003c     driverlib.a : prcm.obj (.text:PRCMPeripheralClkEnable)
                  200140b4    0000003c     simplelink.a : socket.obj (.text:_sl_TruncatePayloadByProtocol)
                  200140f0    0000003c     rtsv7M4_T_le_eabi.lib : boot.obj (.text)
                  2001412c    0000003c     simplelink.a : socket.obj (.text:sl_Htons)
                  20014168    0000003c     driverlib.a : udma.obj (.text:uDMAChannelControlSet)
                  200141a4    00000038     simplelink.a : cc_pal.obj (.text:NwpPowerOff)
                  200141dc    00000038     free_rtos.a : heap_3.obj (.text)
                  20014214    00000038     rtsv7M4_T_le_eabi.lib : fs_tod_t2.obj (.text)
                  2001424c    00000038                           : fs_toi_t2.obj (.text)
                  20014284    00000038                           : i_tofs_t2.obj (.text)
                  200142bc    00000036     driverlib.a : gpio.obj (.text:GPIODirModeSet)
                  200142f2    00000002     --HOLE-- [fill = 0]
                  200142f4    00000034                 : prcm.obj (.text:PRCMPeripheralStatusGet)
                  20014328    00000034                 : spi.obj (.text:SPIFIFOLevelSet)
                  2001435c    00000034     rtsv7M4_T_le_eabi.lib : feraiseexcept.obj (.text)
                  20014390    00000034                           : fs_tou_t2.obj (.text)
                  200143c4    00000034                           : strstr.obj (.text)
                  200143f8    00000030     driverlib.a : pin.obj (.text:PinTypeGPIO)
                  20014428    00000030                 : uart.obj (.text:UARTDisable)
                  20014458    00000030     simplelink.a : device.obj (.text:_SlDrvDeviceEventHandler)
                  20014488    00000030                  : fs.obj (.text:_sl_Strlen)
                  200144b8    00000030     rtsv7M4_T_le_eabi.lib : strncpy.obj (.text)
                  200144e8    00000030                           : xferaise.obj (.text)
                  20014518    00000030     simplelink.a : socket.obj (.text:sl_Close)
                  20014548    00000030                  : wlan.obj (.text:sl_WlanSetMode)
                  20014578    0000002e     rtsv7M4_T_le_eabi.lib : i_tofd_t2.obj (.text)
                  200145a6    0000002e                           : raise.obj (.text)
                  200145d4    0000002c     simplelink.a : cc_pal.obj (.text:DmaSpiSwIntHandler)
                  20014600    0000002c     driverlib.a : i2c.obj (.text:I2CMasterErr)
                  2001462c    0000002c     simplelink.a : cc_pal.obj (.text:NwpPowerOn)
                  20014658    0000002c     driverlib.a : prcm.obj (.text:PRCMSysResetCauseGet)
                  20014684    0000002c     rtsv7M4_T_le_eabi.lib : assert.obj (.text)
                  200146b0    0000002a                           : strspn.obj (.text)
                  200146da    0000002a                           : xdclass.obj (.text)
                  20014704    00000028     driverlib.a : prcm.obj (.text:PRCMPeripheralClkDisable)
                  2001472c    00000028     simplelink.a : netapp.obj (.text:sl_NetAppStart)
                  20014754    00000028                  : netapp.obj (.text:sl_NetAppStop)
                  2001477c    00000026                  : cc_pal.obj (.text:NwpRegisterInterruptHandler)
                  200147a2    00000002     --HOLE-- [fill = 0]
                  200147a4    00000024     driverlib.a : interrupt.obj (.text:IntUnregister)
                  200147c8    00000024                 : uart.obj (.text:UARTEnable)
                  200147ec    00000024     simplelink.a : driver.obj (.text:_SlDrvProtectionObjLockWaitForever)
                  20014810    00000024     rtsv7M4_T_le_eabi.lib : memmov.obj (.text)
                  20014834    00000024                           : strcspn.obj (.text)
                  20014858    00000022     driverlib.a : gpio.obj (.text:GPIOIntStatus)
                  2001487a    00000022                 : i2c.obj (.text:I2CMasterSlaveAddrSet)
                  2001489c    00000022                 : spi.obj (.text:SPIReset)
                  200148be    00000022                 : spi.obj (.text:SPIWordCountSet)
                  200148e0    00000022     rtsv7M4_T_le_eabi.lib : frexp.obj (.text)
                  20014902    00000022                           : memcmp.obj (.text)
                  20014924    00000020     driverlib.a : gpio.obj (.text:GPIOPinWrite)
                  20014944    00000020                 : interrupt.obj (.text:IntRegister)
                  20014964    00000020     simplelink.a : driver.obj (.text:_SlDrvProtectionObjUnLock)
                  20014984    00000020     rtsv7M4_T_le_eabi.lib : memchr.obj (.text)
                  200149a4    0000001e     driverlib.a : gpio.obj (.text:GPIOIntRegister)
                  200149c2    0000001e                 : i2c.obj (.text:I2CMasterIntStatusEx)
                  200149e0    0000001e                 : uart.obj (.text:UARTCharPut)
                  200149fe    0000001e     simplelink.a : cc_pal.obj (.text:cc_UDMAChannelSelect)
                  20014a1c    0000001c     driverlib.a : pin.obj (.text:PinTypeI2C)
                  20014a38    0000001c     simplelink.a : driver.obj (.text:_SlDrvObjLockWaitForever)
                  20014a54    0000001c                  : driver.obj (.text:_SlDrvSyncObjWaitForever)
                  20014a70    0000001c     rtsv7M4_T_le_eabi.lib : memccpy.obj (.text)
                  20014a8c    0000001c     driverlib.a : udma.obj (.text:uDMAChannelEnable)
                  20014aa8    0000001a                 : gpio.obj (.text:GPIOIntDisable)
                  20014ac2    0000001a                 : gpio.obj (.text:GPIOIntEnable)
                  20014adc    0000001a                 : pin.obj (.text:PinTypeUART)
                  20014af6    0000001a                 : spi.obj (.text:SPIDmaDisable)
                  20014b10    0000001a                 : spi.obj (.text:SPIDmaEnable)
                  20014b2a    0000001a                 : spi.obj (.text:SPIFIFODisable)
                  20014b44    0000001a                 : spi.obj (.text:SPIFIFOEnable)
                  20014b5e    00000018                 : gpio.obj (.text:GPIOPinRead)
                  20014b76    00000018                 : spi.obj (.text:SPICSDisable)
                  20014b8e    00000018                 : spi.obj (.text:SPICSEnable)
                  20014ba6    00000018                 : spi.obj (.text:SPIDisable)
                  20014bbe    00000018                 : spi.obj (.text:SPIEnable)
                  20014bd6    00000018     simplelink.a : driver.obj (.text:_SlDrvObjUnLock)
                  20014bee    00000018                  : driver.obj (.text:_SlDrvSyncObjSignal)
                  20014c06    00000002     --HOLE-- [fill = 0]
                  20014c08    00000018                  : device.obj (.text:_sl_GetStartResponseConvert)
                  20014c20    00000018     rtsv7M4_T_le_eabi.lib : args_main.obj (.text)
                  20014c38    00000018                           : ll_mul_t2.obj (.text)
                  20014c50    00000018                           : strcmp.obj (.text)
                  20014c68    00000018                           : strrchr.obj (.text)
                  20014c80    00000016     driverlib.a : i2c.obj (.text:I2CMasterDataPut)
                  20014c96    00000016                 : i2c.obj (.text:I2CMasterEnable)
                  20014cac    00000016                 : prcm.obj (.text:PRCMHIBRegRead)
                  20014cc2    00000016                 : prcm.obj (.text:PRCMHIBRegWrite)
                  20014cd8    00000016                 : uart.obj (.text:UARTCharGet)
                  20014cee    00000016     simplelink.a : driver.obj (.text:_SlDrvMemZero)
                  20014d04    00000016     rtsv7M4_T_le_eabi.lib : strchr.obj (.text)
                  20014d1a    00000014     driverlib.a : cpu.obj (.text:CPUcpsie)
                  20014d2e    00000014                 : gpio.obj (.text:GPIOIntClear)
                  20014d42    00000002     --HOLE-- [fill = 0]
                  20014d44    00000014                 : interrupt.obj (.text:IntVTableBaseSet)
                  20014d58    00000014     rtsv7M4_T_le_eabi.lib : _lock.obj (.text)
                  20014d6c    00000014                           : strcpy.obj (.text)
                  20014d80    00000014                           : strlen.obj (.text)
                  20014d94    00000012     driverlib.a : i2c.obj (.text:I2CMasterControl)
                  20014da6    00000012                 : i2c.obj (.text:I2CMasterIntClearEx)
                  20014db8    00000012                 : i2c.obj (.text:I2CMasterTimeoutSet)
                  20014dca    0000000e                 : i2c.obj (.text:I2CMasterDataGet)
                  20014dd8    0000000e     simplelink.a : driver.obj (.text:_SlDrvResetCmdExt)
                  20014de6    0000000e     rtsv7M4_T_le_eabi.lib : copy_decompress_none.obj (.text:decompress:none)
                  20014df4    0000000e     startup_ccs.obj (.text)
                  20014e02    00000002     --HOLE-- [fill = 0]
                  20014e04    0000000c     simplelink.a : cc_pal.obj (.text:NwpMaskInterrupt)
                  20014e10    0000000c                  : cc_pal.obj (.text:NwpUnMaskInterrupt)
                  20014e1c    0000000c     rtsv7M4_T_le_eabi.lib : copy_zero_init.obj (.text:decompress:ZI)
                  20014e28    0000000c     simplelink.a : wlan.obj (.text:sl_WlanSmartConfigStop)
                  20014e34    0000000a     driverlib.a : interrupt.obj (.text:IntMasterEnable)
                  20014e3e    00000008     rtsv7M4_T_le_eabi.lib : bzero.obj (.text)
                  20014e46    00000006     driverlib.a : utils.obj (.text:UtilsDelay)
                  20014e4c    00000006     rtsv7M4_T_le_eabi.lib : copy_decompress_rle.obj (.text:decompress:rle24)
                  20014e52    00000006                           : log.obj (.text)
                  20014e58    00000004                           : pre_init.obj (.text)

.const     0    20014e60    00000828     
                  20014e60    00000101     rtsv7M4_T_le_eabi.lib : ctype.obj (.const:.string:_ctypes_)
                  20014f61    00000003     --HOLE-- [fill = 0]
                  20014f64    00000100     driverlib.a : pin.obj (.const:g_ulPinToPadMap)
                  20015064    000000d4                 : interrupt.obj (.const:g_pulRegs)
                  20015138    000000a8                 : prcm.obj (.const:PRCM_PeriphRegsList)
                  200151e0    00000098     rtsv7M4_T_le_eabi.lib : strtod.obj (.const)
                  20015278    00000098                           : strtold.obj (.const)
                  20015310    00000080     driverlib.a : interrupt.obj (.const)
                  20015390    0000004a     main.obj (.const:.string)
                  200153da    00000006     --HOLE-- [fill = 0]
                  200153e0    00000048     rtsv7M4_T_le_eabi.lib : xexp.obj (.const)
                  20015428    0000003c     simplelink.a : driver.obj (.const:OpcodeTranslateTable)
                  20015464    0000003c                  : wlan.obj (.const)
                  200154a0    00000038                  : driver.obj (.const:_SlActionLookupTable)
                  200154d8    00000038     rtsv7M4_T_le_eabi.lib : xlog.obj (.const:p)
                  20015510    00000038     simplelink.a : fs.obj (.const)
                  20015548    00000034                  : driver.obj (.const)
                  2001557c    00000034                  : socket.obj (.const)
                  200155b0    00000030     rtsv7M4_T_le_eabi.lib : xdint.obj (.const)
                  200155e0    00000028     simplelink.a : netapp.obj (.const)
                  20015608    00000023     smartconfig.obj (.const:.string)
                  2001562b    00000001     --HOLE-- [fill = 0]
                  2001562c    00000018     driverlib.a : spi.obj (.const)
                  20015644    00000014     simplelink.a : device.obj (.const)
                  20015658    00000010                  : socket.obj (.const:.string)
                  20015668    00000010     rtsv7M4_T_le_eabi.lib : _scanfi.obj (.const)
                  20015678    00000008     simplelink.a : device.obj (.const:.string)
                  20015680    00000008                  : netcfg.obj (.const)

.cinit     0    20015688    00000160     
                  20015688    00000139     (.cinit..data.load) [load image, compression = rle]
                  200157c1    00000003     --HOLE-- [fill = 0]
                  200157c4    0000000c     (__TI_handler_table)
                  200157d0    00000008     (.cinit..bss.load) [load image, compression = zero_init]
                  200157d8    00000010     (__TI_cinit_table)

.sysmem    0    20017000    00004000     UNINITIALIZED
                  20017000    00000008     rtsv7M4_T_le_eabi.lib : memory.obj (.sysmem)
                  20017008    00003ff8     --HOLE--

.bss       0    2001b000    00001efc     UNINITIALIZED
                  2001b000    00001918     exosite_http.obj (.bss:exoHttpContextQueue)
                  2001c918    00000178     simplelink.a : driver.obj (.bss:g_StatMem)
                  2001ca90    00000120     rtsv7M4_T_le_eabi.lib : trgmsg.obj (.bss:__CIOBUF_)
                  2001cbb0    000000c8     free_rtos.a : tasks.obj (.bss:pxReadyTasksLists)
                  2001cc78    000000a0     rtsv7M4_T_le_eabi.lib : defs.obj (.bss:__TI_tmpnams)
                  2001cd18    00000080     exosite_http.obj (.bss:recDateTime)
                  2001cd98    00000050     simplelink.a : cc_pal.obj (.bss:g_ucDinDout)
                  2001cde8    00000050     free_rtos.a : queue.obj (.bss:xQueueRegistry)
                  2001ce38    00000024     main.obj (.bss:g_ucConnectionSSID)
                  2001ce5c    00000014     (.common:xDelayedTaskList1)
                  2001ce70    00000014     (.common:xDelayedTaskList2)
                  2001ce84    00000014     (.common:xPendingReadyList)
                  2001ce98    00000014     (.common:xSuspendedTaskList)
                  2001ceac    00000014     (.common:xTasksWaitingTermination)
                  2001cec0    00000008     (.common:g_ucConnectionBSSID)
                  2001cec8    00000008     (.common:parmbuf)
                  2001ced0    00000004     (.common:DMAMsgQ)
                  2001ced4    00000004     (.common:__Errorlog)
                  2001ced8    00000004     (.common:g_accTotalAvg)
                  2001cedc    00000004     (.common:g_accXAvg)
                  2001cee0    00000004     (.common:g_accYAvg)
                  2001cee4    00000004     (.common:g_accZAvg)
                  2001cee8    00000004     (.common:g_cDummy)
                  2001ceec    00000004     (.common:msTimer)
                  2001cef0    00000004     (.common:pxDelayedTaskList)
                  2001cef4    00000004     (.common:pxOverflowDelayedTaskList)
                  2001cef8    00000001     (.common:RxIrqCnt)
                  2001cef9    00000001     (.common:g_ucLED1Pin)
                  2001cefa    00000001     (.common:g_ucLED2Pin)
                  2001cefb    00000001     (.common:g_ucLED3Pin)

.TI.noinit 
*          0    2001b000    00000000     UNINITIALIZED

.data      0    2001cf00    0000048c     UNINITIALIZED
                  2001cf00    000000f0     rtsv7M4_T_le_eabi.lib : defs.obj (.data:_ftable)
                  2001cff0    000000d0                           : lowlev.obj (.data)
                  2001d0c0    000000b0                           : signal.obj (.data:sigtable)
                  2001d170    00000080                           : xvalues.obj (.data)
                  2001d1f0    00000068     main.obj (.data)
                  2001d258    00000068     rtsv7M4_T_le_eabi.lib : xfvalues.obj (.data)
                  2001d2c0    00000034     free_rtos.a : tasks.obj (.data)
                  2001d2f4    00000020     gpio_if.obj (.data)
                  2001d314    00000010     rtsv7M4_T_le_eabi.lib : defs.obj (.data)
                  2001d324    0000000c     free_rtos.a : osi_freertos.obj (.data)
                  2001d330    0000000c     rtsv7M4_T_le_eabi.lib : memory.obj (.data)
                  2001d33c    00000009     simplelink.a : cc_pal.obj (.data)
                  2001d345    00000003     --HOLE--
                  2001d348    00000009                  : driver.obj (.data)
                  2001d351    00000003     --HOLE--
                  2001d354    00000008     device_status.obj (.data)
                  2001d35c    00000008     rtsv7M4_T_le_eabi.lib : _lock.obj (.data)
                  2001d364    00000008                           : exit.obj (.data)
                  2001d36c    00000008                           : feraiseexcept.obj (.data)
                  2001d374    00000004     exosite_pal_cc3200.obj (.data)
                  2001d378    00000004     free_rtos.a : port.obj (.data)
                  2001d37c    00000004     rtsv7M4_T_le_eabi.lib : errno.obj (.data)
                  2001d380    00000004                           : fopen.obj (.data)
                  2001d384    00000004                           : stkdepth_vars.obj (.data)
                  2001d388    00000004                           : strtok.obj (.data)

.TI.persistent 
*          0    2001cf00    00000000     UNINITIALIZED

.stack     0    2002c000    00004000     UNINITIALIZED
                  2002c000    00004000     --HOLE--


LINKER GENERATED COPY TABLES

__TI_cinit_table @ 200157d8 records: 2, size/record: 8, table size: 16
	.data: load addr=20015688, load size=00000139 bytes, run addr=2001cf00, run size=0000048c bytes, compression=rle
	.bss: load addr=200157d0, load size=00000008 bytes, run addr=2001b000, run size=00001efc bytes, compression=zero_init


LINKER GENERATED HANDLER TABLE

__TI_handler_table @ 200157c4 records: 3, size/record: 4, table size: 12
	index: 0, handler: __TI_decompress_rle24
	index: 1, handler: __TI_decompress_none
	index: 2, handler: __TI_zero_init


GLOBAL SYMBOLS: SORTED ALPHABETICALLY BY Name 

address   name                               
-------   ----                               
2000505d  AccSample                          
2000e7fd  BMA222Close                        
2000e7db  BMA222Open                         
2000e801  BMA222Read                         
2000e87d  BMA222ReadNew                      
2000e7a5  BlockRead                          
20013ef5  C$$EXIT                            
200133f3  C$$IO$$                            
20014d1b  CPUcpsie                           
2000da7d  ClearTerm                          
20004dc9  ConnectToNetwork                   
20011bb9  ConnectionTest                     
2001403d  CopyPingResultsToReport            
2001ced0  DMAMsgQ                            
200145d5  DmaSpiSwIntHandler                 
2000da87  Error                              
200142bd  GPIODirModeSet                     
20014d2f  GPIOIntClear                       
20014aa9  GPIOIntDisable                     
20014ac3  GPIOIntEnable                      
200149a5  GPIOIntRegister                    
20014859  GPIOIntStatus                      
20012be5  GPIOIntTypeSet                     
20014b5f  GPIOPinRead                        
20014925  GPIOPinWrite                       
2000ce01  GPIO_IF_ConfigureNIntEnable        
2000ce77  GPIO_IF_Get                        
2000cdbb  GPIO_IF_GetPortNPin                
2000cb7d  GPIO_IF_LedConfigure               
2000cc6f  GPIO_IF_LedOff                     
2000cbbb  GPIO_IF_LedOn                      
2000cd23  GPIO_IF_LedStatus                  
2000cd8d  GPIO_IF_LedToggle                  
2000ce3d  GPIO_IF_Set                        
2000543d  GPIOs3IntHandler                   
2000dabf  GetCmd                             
2000e741  GetRegisterValue                   
2000d74d  HOSTclock                          
2000d715  HOSTclose                          
2000d6d7  HOSTgetenv                         
2000d67b  HOSTlseek                          
2000d629  HOSTopen                           
2000d5dd  HOSTread                           
2000d57f  HOSTrename                         
2000d545  HOSTtime                           
2000d50d  HOSTunlink                         
2000d4c1  HOSTwrite                          
20014d95  I2CMasterControl                   
20014dcb  I2CMasterDataGet                   
20014c81  I2CMasterDataPut                   
20014c97  I2CMasterEnable                    
20014601  I2CMasterErr                       
20012add  I2CMasterInitExpClk                
20014da7  I2CMasterIntClearEx                
200149c3  I2CMasterIntStatusEx               
2001487b  I2CMasterSlaveAddrSet              
20014db9  I2CMasterTimeoutSet                
2000da25  I2C_IF_Close                       
2000d9c5  I2C_IF_Open                        
2000d8bf  I2C_IF_Read                        
2000d97b  I2C_IF_ReadFrom                    
2000d809  I2C_IF_Write                       
2000da3d  InitTerm                           
20011d05  IntDisable                         
20011dad  IntEnable                          
20014e35  IntMasterEnable                    
2001380d  IntPendClear                       
20013915  IntPrioritySet                     
20014945  IntRegister                        
200147a5  IntUnregister                      
20014d45  IntVTableBaseSet                   
2000da5b  Message                            
20014e05  NwpMaskInterrupt                   
200141a5  NwpPowerOff                        
2001462d  NwpPowerOn                         
20012b61  NwpPowerOnPreamble                 
2001477d  NwpRegisterInterruptHandler        
20014e11  NwpUnMaskInterrupt                 
20015428  OpcodeTranslateTable               
2000fbf5  PRCMCC3200MCUInit                  
20014cad  PRCMHIBRegRead                     
20014cc3  PRCMHIBRegWrite                    
20014705  PRCMPeripheralClkDisable           
20014079  PRCMPeripheralClkEnable            
2001229d  PRCMPeripheralClockGet             
20013865  PRCMPeripheralReset                
200142f5  PRCMPeripheralStatusGet            
20014659  PRCMSysResetCauseGet               
20012839  PinConfigSet                       
20013f7d  PinModeSet                         
200130c1  PinMuxConfig                       
200143f9  PinTypeGPIO                        
20014a1d  PinTypeI2C                         
20014add  PinTypeUART                        
200044c5  ReadAccSensor                      
2000dbe9  Report                             
20014df5  ResetISR                           
2001cef8  RxIrqCnt                           
20015558  RxMsgClassLUT                      
UNDEFED   SHT$$INIT_ARRAY$$Base              
UNDEFED   SHT$$INIT_ARRAY$$Limit             
20014b77  SPICSDisable                       
20014b8f  SPICSEnable                        
20011efd  SPIConfigSetExpClk                 
20014ba7  SPIDisable                         
20014af7  SPIDmaDisable                      
20014b11  SPIDmaEnable                       
20014bbf  SPIEnable                          
20014b2b  SPIFIFODisable                     
20014b45  SPIFIFOEnable                      
20014329  SPIFIFOLevelSet                    
20013d05  SPIIntClear                        
20013a5d  SPIIntEnable                       
2001489d  SPIReset                           
200148bf  SPIWordCountSet                    
200050d9  SetAccAvg                          
2000e76b  SetRegisterValue                   
20004b9d  SimpleLinkGeneralEventHandler      
200049cf  SimpleLinkHttpServerCallback       
200046f5  SimpleLinkNetAppEventHandler       
20011ba1  SimpleLinkPingReport               
20004bc5  SimpleLinkSockEventHandler         
2000459d  SimpleLinkWlanEventHandler         
20011419  SmartConfigConnect                 
20011483  SmartConfigStop                    
20015678  StartResponseLUT                   
2000c637  TMP006DrvGetTemp                   
2000c3d5  TMP006DrvOpen                      
2000db51  TrimSpace                          
20014cd9  UARTCharGet                        
200149e1  UARTCharPut                        
20013049  UARTConfigSetExpClk                
20014429  UARTDisable                        
200147c9  UARTEnable                         
20014e47  UtilsDelay                         
2000c201  VDeleteSimpleLinkSpawnTask         
2000c1b1  VStartSimpleLinkSpawnTask          
200146db  _Dclass                            
2001d170  _Denorm                            
20011735  _Dint                              
200117f5  _Dnorm                             
20010409  _Dscale                            
200134fd  _Dunscale                          
2001d180  _Eps                               
2001d37c  _Errno                             
2000e351  _Exp                               
2001d258  _FDenorm                           
2001d268  _FEps                              
2001d278  _FInf                              
2001d288  _FNan                              
2001d2a8  _FRteps                            
2001d298  _FSnan                             
2001d2b8  _FXbig                             
2001d2bc  _FZero                             
2001d36c  _Fenv                              
200144e9  _Feraise                           
2001d190  _Hugeval                           
2001d1a0  _Inf                               
2000d1dd  _Log                               
2001d1b0  _Nan                               
2001d1d0  _Rteps                             
20015590  _SlAcceptCmdCtrl                   
200154a0  _SlActionLookupTable               
20011ae9  _SlAsyncEventGenericHandler        
20015650  _SlDeviceGetCmdCtrl                
20015654  _SlDeviceSetCmdCtrl                
20013d4d  _SlDrvBasicCmd                     
200111a1  _SlDrvClassifyRxMsg                
20012c69  _SlDrvCmdOp                        
20013219  _SlDrvCmdSend                      
200100bd  _SlDrvDataReadOp                   
20010729  _SlDrvDataWriteOp                  
20014459  _SlDrvDeviceEventHandler           
20010c25  _SlDrvDriverCBDeinit               
2000f3b9  _SlDrvDriverCBInit                 
20014cef  _SlDrvMemZero                      
2000b4cd  _SlDrvMsgRead                      
200118b5  _SlDrvMsgReadCmdCtx                
20011f9d  _SlDrvMsgReadSpawnCtx              
2000ece1  _SlDrvMsgWrite                     
20010931  _SlDrvNetAppEventHandler           
20014a39  _SlDrvObjLockWaitForever           
20014bd7  _SlDrvObjUnLock                    
20013aa9  _SlDrvProtectAsyncRespSetting      
200147ed  _SlDrvProtectionObjLockWaitForever 
20014965  _SlDrvProtectionObjUnLock          
2000eb11  _SlDrvReleasePoolObj               
20014dd9  _SlDrvResetCmdExt                  
2000dca9  _SlDrvRxHdrRead                    
20013af5  _SlDrvRxIrqHandler                 
20014bef  _SlDrvSyncObjSignal                
20014a55  _SlDrvSyncObjWaitForever           
2000f229  _SlDrvWaitForPoolObj               
2001564c  _SlEventMaskGetCmdCtrl             
20015648  _SlEventMaskSetCmdCtrl             
2000f52d  _SlFindAndSetActiveObj             
20015514  _SlFsCloseCmdCtrl                  
20015524  _SlFsDeleteCmdCtrl                 
20015520  _SlFsGetInfoCmdCtrl                
20015510  _SlFsOpenCmdCtrl                   
20015518  _SlFsReadCmdCtrl                   
2001551c  _SlFsWriteCmdCtrl                  
200155f4  _SlGetHostByNameCtrl               
200155f0  _SlGetHostByServiceCtrl            
200155e8  _SlGetServiceListeCtrl             
2001559c  _SlGetSockOptCmdCtrl               
2001558c  _SlListenCmdCtrl                   
20015600  _SlNetAppGetCmdCtrl                
200155fc  _SlNetAppSendTokenValueCmdCtrl     
200155f8  _SlNetAppSetCmdCtrl                
200155e0  _SlNetAppStartCtrl                 
200155e4  _SlNetAppStopCtrl                  
20015684  _SlNetCfgGetCmdCtrl                
20015680  _SlNetCfgSetCmdCtrl                
20015658  _SlPayloadByProtocolLUT            
20015468  _SlPolicyGetCmdCtrl                
20015464  _SlPolicySetCmdCtrl                
20015470  _SlProfileDelCmdCtrl               
2001546c  _SlProfileGetCmdCtrl               
20015594  _SlRecvCmdCtrl                     
20015584  _SlRecvfomCmdCtrl                  
200155ec  _SlRegisterServiceCtrl             
20011675  _SlRemoveFromList                  
20015478  _SlRxFilterAddtCmdCtrl             
20015480  _SlRxFilterGetCmdCtrl              
2001547c  _SlRxFilterSetCmdCtrl              
200155a0  _SlSelectCmdCtrl                   
20015588  _SlSendCmdCtrl                     
20015598  _SlSetSockOptCmdCtrl               
20015484  _SlSmartConfigStartCmdCtrl         
20015580  _SlSockCloseCmdCtrl                
2001557c  _SlSockSocketCmdCtrl               
20015644  _SlStopCmdCtrl                     
20015490  _SlWlanCfgGetCmdCtrl               
2001548c  _SlWlanCfgSetCmdCtrl               
20015474  _SlWlanGetNetworkListCtrl          
20015488  _SlWlanSetModeCmdCtrl              
2001d1c0  _Snan                              
2001d370  _Tls_setup__Fenv                   
2001d1e0  _Xbig                              
2001d1e8  _Zero                              
2001ca90  __CIOBUF_                          
20030000  __STACK_END                        
00004000  __STACK_SIZE                       
00004000  __SYSMEM_SIZE                      
200157d8  __TI_CINIT_Base                    
200157e8  __TI_CINIT_Limit                   
200157c4  __TI_Handler_Table_Base            
200157d0  __TI_Handler_Table_Limit           
20013285  __TI_auto_init                     
2000ef75  __TI_cleanup                       
2001d364  __TI_cleanup_ptr                   
2001216d  __TI_closefile                     
20014de7  __TI_decompress_none               
20014e4d  __TI_decompress_rle24              
200115ad  __TI_doflush                       
2001d368  __TI_dtors_ptr                     
2001d314  __TI_ft_end                        
2000787d  __TI_printfi                       
20011cbb  __TI_rd_ok                         
200133f7  __TI_readmsg                       
2000b01d  __TI_scanfi                        
20015688  __TI_static_base__                 
2001cc78  __TI_tmpnams                       
200133c5  __TI_writemsg                      
20011c59  __TI_wrt_ok                        
20014e1d  __TI_zero_init                     
200129d1  __aeabi_cdcmpeq                    
200129d1  __aeabi_cdcmple                    
20012a57  __aeabi_cdrcmple                   
20013c71  __aeabi_d2f                        
20013d95  __aeabi_d2iz                       
2000f07b  __aeabi_dadd                       
2000fabd  __aeabi_ddiv                       
20010a2f  __aeabi_dmul                       
2000f071  __aeabi_dsub                       
20014215  __aeabi_f2d                        
2001424d  __aeabi_f2iz                       
20014391  __aeabi_f2uiz                      
20010b2f  __aeabi_fadd                       
20012459  __aeabi_fdiv                       
20010b2b  __aeabi_fsub                       
20014579  __aeabi_i2d                        
20014285  __aeabi_i2f                        
20013ddd  __aeabi_l2f                        
20014c39  __aeabi_lmul                       
20012e65  __aeabi_memclr                     
20012e65  __aeabi_memclr4                    
20012e65  __aeabi_memclr8                    
20012039  __aeabi_memcpy                     
20012039  __aeabi_memcpy4                    
20012039  __aeabi_memcpy8                    
20012e67  __aeabi_memset                     
20012e67  __aeabi_memset4                    
20012e67  __aeabi_memset8                    
2001d320  __aeabi_stderr                     
2001d318  __aeabi_stdin                      
2001d31c  __aeabi_stdout                     
2000e54d  __aeabi_uldivmod                   
ffffffff  __binit__                          
ffffffff  __c_args__                         
2002c000  __stack                            
20014687  _abort_msg                         
20014c21  _args_main                         
2001469d  _assert                            
200140f1  _c_int00                           
20014e60  _ctypes_                           
2001cf00  _ftable                            
2001d35c  _lock                              
20014685  _nassert                           
20014d67  _nop                               
20014d5f  _register_lock                     
20014d59  _register_unlock                   
20013b41  _sl_BuildAddress                   
200120d5  _sl_GetCreateFsMode                
20014c09  _sl_GetStartResponseConvert        
20013691  _sl_HandleAsync_Accept             
20012ee1  _sl_HandleAsync_Connect            
20012695  _sl_HandleAsync_DnsGetHostByName   
200114e5  _sl_HandleAsync_DnsGetHostByService
20012de9  _sl_HandleAsync_InitComplete       
20012721  _sl_HandleAsync_PingResponse       
20013969  _sl_HandleAsync_Select             
200139bd  _sl_HandleAsync_Stop               
2001335d  _sl_NetAppSendTokenValue           
20014489  _sl_Strlen                         
200140b5  _sl_TruncatePayloadByProtocol      
20017000  _sys_memory                        
20014e59  _system_pre_init                   
2001d360  _unlock                            
20013ef9  abort                              
2000d131  add_device                         
20013b8d  atoi                               
ffffffff  binit                              
20008a4d  build_msg_activate                 
20008f8d  build_msg_get_content              
20008f35  build_msg_get_content_info         
20008edb  build_msg_list_content             
20008dd3  build_msg_long_polling             
20008b6f  build_msg_read                     
20008d3b  build_msg_write                    
20014e3f  bzero                              
2000cb49  calloc                             
2000d0e1  close                              
20008ae7  convert_data_ports_to_read_string  
20008be9  convert_data_ports_to_write_string 
20013bd9  copy_in                            
20005b15  eTaskGetState                      
20013f01  exit                               
20007d9f  exo_download_get_content           
20007c91  exo_download_get_content_info      
20007b85  exo_download_list_content          
20007ed7  exo_init                           
20007f55  exo_loop_start                     
2000849d  exo_read                           
20008561  exo_subscribe                      
200083c9  exo_write                          
2000a5e1  exosite_pal_get_current_date_time  
2000a2a5  exosite_pal_init                   
2000a401  exosite_pal_load_cik               
2000a4e9  exosite_pal_remove_cik             
2000a481  exosite_pal_save_cik               
2000a3ed  exosite_pal_sock_close             
2000a2e3  exosite_pal_sock_connect           
2000a36d  exosite_pal_sock_is_connected      
2000a379  exosite_pal_sock_read              
2000a3bd  exosite_pal_sock_write             
2000a529  exosite_pal_timer_countdown        
2000a511  exosite_pal_timer_countdown_ms     
2000a4f5  exosite_pal_timer_expired          
2000a579  exosite_pal_timer_init             
2000a547  exosite_pal_timer_left_ms          
200121d3  fclose                             
2001435d  feraiseexcept                      
200115f9  fflush                             
2000efcb  fopen                              
20012205  fputc                              
2000fd29  fputs                              
2000c897  free                               
2000efa1  freopen                            
200148e1  frexp                              
20013565  fseek                              
2001d350  gFirstCmdMode                      
20015550  g_H2NCnysPattern                   
20015548  g_H2NSyncPattern                   
2001d33c  g_SpiFd                            
2001c918  g_StatMem                          
2001cee8  g_cDummy                           
2001d348  g_pCB                              
2001d340  g_pHostIntHdl                      
20004000  g_pfnVectors                       
2001d344  g_ucDMAEnabled                     
2001cd98  g_ucDinDout                        
2001cef9  g_ucLED1Pin                        
2001cefa  g_ucLED2Pin                        
2001cefb  g_ucLED3Pin                        
2001d308  g_uiLED1Port                       
2001d30c  g_uiLED2Port                       
2001d310  g_uiLED3Port                       
2001d358  g_uiPingDone                       
2001d354  g_uiPingPacketsRecv                
20013e25  ldexp                              
20014e53  log                                
2000d0bd  lseek                              
200138bd  ltoa                               
2000563d  main                               
2001d384  main_func_sp                       
2000c82f  malloc                             
2000c305  mem_Free                           
2000c2f9  mem_Malloc                         
2000c325  mem_copy                           
2000c311  mem_set                            
2000ca65  memalign                           
20014a71  memccpy                            
20014985  memchr                             
20014903  memcmp                             
20012039  memcpy                             
20014811  memmove                            
20012e6d  memset                             
2000c7a1  minit                              
2000d00f  open                               
2000c37b  osi_ContextRestore                 
2000c379  osi_ContextSave                    
2000c339  osi_EnterCritical                  
2000c343  osi_ExitCritical                   
2000bf5f  osi_InterruptDeRegister            
2000bf39  osi_InterruptRegister              
2000c069  osi_LockObjCreate                  
2000c0dd  osi_LockObjDelete                  
2000c0ed  osi_LockObjLock                    
2000c119  osi_LockObjUnlock                  
2000c22d  osi_MsgQCreate                     
2000c271  osi_MsgQDelete                     
2000c2bd  osi_MsgQRead                       
2000c28b  osi_MsgQWrite                      
2000c355  osi_Sleep                          
2000c143  osi_Spawn                          
2000c047  osi_SyncObjClear                   
2000bf71  osi_SyncObjCreate                  
2000bfa1  osi_SyncObjDelete                  
2000bfbb  osi_SyncObjSignal                  
2000bfe3  osi_SyncObjSignalFromISR           
2000c01b  osi_SyncObjWait                    
2000c08f  osi_TaskCreate                     
2000c0cf  osi_TaskDelete                     
2000c365  osi_TaskDisable                    
2000c36f  osi_TaskEnable                     
2000c34d  osi_start                          
2001d34c  pPingCallBackFunc                  
20009245  parse_cik_info                     
200093f3  parse_content                      
20009375  parse_content_info                 
200092e1  parse_content_list                 
200090a7  parse_msg_read                     
20009175  parse_rsp_status                   
20006039  pcTaskGetTaskName                  
20011ae1  portCLZ                            
2000bab9  pow                                
200131b1  printf                             
20011ac9  prvPortStartFirstTask              
20012205  putc                               
20012289  putchar                            
2000fe35  puts                               
200141dd  pvPortMalloc                       
2001d2c0  pxCurrentTCB                       
200102f9  pxPortInitialiseStack              
200145a7  raise                              
2000cfeb  read                               
2000538d  read_callback                      
2000c959  realloc                            
2000cf61  remove                             
2000cfc3  remove_device                      
2000cf85  rename                             
20010fe9  setvbuf                            
20013fbd  signal                             
20014519  sl_Close                           
20010519  sl_Connect                         
2001342d  sl_DevSet                          
20012949  sl_FsClose                         
20013a0d  sl_FsDel                           
20012f59  sl_FsOpen                          
20010d19  sl_FsRead                          
20010efd  sl_FsWrite                         
20013f39  sl_Htonl                           
2001412d  sl_Htons                           
2001082d  sl_NetAppDnsGetHostByName          
2000f809  sl_NetAppPingStart                 
2001472d  sl_NetAppStart                     
20014755  sl_NetAppStop                      
20011e55  sl_NetCfgGet                       
20013135  sl_Recv                            
20010621  sl_Send                            
20013495  sl_SetSockOpt                      
200137b1  sl_Socket                          
20011971  sl_Start                           
20011279  sl_Stop                            
200123c5  sl_WlanGet                         
20013751  sl_WlanPolicySet                   
20014549  sl_WlanSetMode                     
200124ed  sl_WlanSmartConfigStart            
20014e29  sl_WlanSmartConfigStop             
20012331  snprintf                           
20012fd1  spi_Close                          
2000f971  spi_Open                           
200110c5  spi_Read                           
200127ad  spi_Write                          
200136f1  sprintf                            
2001135f  sscanf                             
20014d05  strchr                             
20014c51  strcmp                             
20014d6d  strcpy                             
20014835  strcspn                            
20014d81  strlen                             
200144b9  strncpy                            
20014c69  strrchr                            
200146b1  strspn                             
200143c5  strstr                             
2000def1  strtod                             
20013ffd  strtok                             
2000fe5d  strtol                             
2000e129  strtold                            
2000e92d  strtoll                            
200101e5  strtoul                            
2000f69d  strtoull                           
20013c25  uDMAChannelAssign                  
200135c9  uDMAChannelAttributeDisable        
2001362d  uDMAChannelAttributeEnable         
20014169  uDMAChannelControlSet              
20014a8d  uDMAChannelEnable                  
20010e0d  uDMAChannelTransferSet             
20009f01  ucQueueGetQueueType                
20011a31  ulPortSetInterruptMask             
2000cf61  unlink                             
20010073  uxListRemove                       
20009ee1  uxQueueGetQueueNumber              
20009e75  uxQueueMessagesWaiting             
20009eab  uxQueueMessagesWaitingFromISR      
20009e8b  uxQueueSpacesAvailable             
2000602d  uxTaskGetNumberOfTasks             
2000605d  uxTaskGetSystemState               
2000654d  uxTaskGetTaskNumber                
20005ba9  uxTaskPriorityGet                  
20006aa5  uxTaskResetEventItemValue          
2000440d  vApplicationIdleHook               
20004419  vApplicationMallocFailedHook       
2000440f  vApplicationStackOverflowHook      
20004401  vApplicationTickHook               
20004403  vAssertCalled                      
2000ff91  vListInitialise                    
2000ffc1  vListInitialiseItem                
2001000d  vListInsert                        
2000ffd1  vListInsertEnd                     
20011a47  vPortClearInterruptMask            
20010375  vPortEndScheduler                  
20010389  vPortEnterCritical                 
200103a1  vPortExitCritical                  
200141fd  vPortFree                          
20011aa1  vPortSVCHandler                    
200103d5  vPortSetupTimerInterrupt           
20010377  vPortYield                         
2000a11b  vQueueAddToRegistry                
20009ebd  vQueueDelete                       
20009eef  vQueueSetQueueNumber               
2000a15d  vQueueUnregisterQueue              
20005abf  vTaskDelay                         
20005a23  vTaskDelayUntil                    
20005993  vTaskDelete                        
20005f11  vTaskEndScheduler                  
2000653f  vTaskMissedYield                   
200062d5  vTaskPlaceOnEventList              
20006339  vTaskPlaceOnUnorderedEventList     
20006a1b  vTaskPriorityDisinherit            
20006961  vTaskPriorityInherit               
20005be1  vTaskPrioritySet                   
20005dd9  vTaskResume                        
2000656d  vTaskSetTaskNumber                 
2000649f  vTaskSetTimeOutState               
20005ec7  vTaskStartScheduler                
20005ce5  vTaskSuspend                       
20005f23  vTaskSuspendAll                    
20006255  vTaskSwitchContext                 
200128c1  vsnprintf                          
2001134d  vsscanf                            
2000ced1  write                              
20005359  write_callback                     
2001d324  xHigherPriorityTaskWoken           
20011a55  xPortPendSVHandler                 
20010349  xPortStartScheduler                
200103b9  xPortSysTickHandler                
2000a1ab  xQueueAddToSet                     
20009add  xQueueAltGenericReceive            
20009a31  xQueueAltGenericSend               
20009905  xQueueCreateCountingSemaphore      
20009887  xQueueCreateMutex                  
2000a197  xQueueCreateSet                    
20009811  xQueueGenericCreate                
20009c77  xQueueGenericReceive               
20009781  xQueueGenericReset                 
20009925  xQueueGenericSend                  
20009bdb  xQueueGenericSendFromISR           
2000a0b7  xQueueIsQueueEmptyFromISR          
2000a0f9  xQueueIsQueueFullFromISR           
20009e31  xQueuePeekFromISR                  
20009db9  xQueueReceiveFromISR               
2001cde8  xQueueRegistry                     
2000a1df  xQueueRemoveFromSet                
2000a221  xQueueSelectFromSet                
2000a23b  xQueueSelectFromSetFromISR         
2001d328  xSimpleLinkSpawnQueue              
2001d32c  xSimpleLinkSpawnTaskHndl           
200064c5  xTaskCheckForTimeOut               
20005885  xTaskGenericCreate                 
20006915  xTaskGetCurrentTaskHandle          
2000611b  xTaskGetIdleTaskHandle             
20006929  xTaskGetSchedulerState             
20006001  xTaskGetTickCount                  
20006015  xTaskGetTickCountFromISR           
20006139  xTaskIncrementTick                 
200063a9  xTaskRemoveFromEventList           
20006431  xTaskRemoveFromUnorderedEventList  
20005f35  xTaskResumeAll                     
20005e4d  xTaskResumeFromISR                 


GLOBAL SYMBOLS: SORTED BY Symbol Address 

address   name                               
-------   ----                               
00004000  __STACK_SIZE                       
00004000  __SYSMEM_SIZE                      
20004000  g_pfnVectors                       
20004401  vApplicationTickHook               
20004403  vAssertCalled                      
2000440d  vApplicationIdleHook               
2000440f  vApplicationStackOverflowHook      
20004419  vApplicationMallocFailedHook       
200044c5  ReadAccSensor                      
2000459d  SimpleLinkWlanEventHandler         
200046f5  SimpleLinkNetAppEventHandler       
200049cf  SimpleLinkHttpServerCallback       
20004b9d  SimpleLinkGeneralEventHandler      
20004bc5  SimpleLinkSockEventHandler         
20004dc9  ConnectToNetwork                   
2000505d  AccSample                          
200050d9  SetAccAvg                          
20005359  write_callback                     
2000538d  read_callback                      
2000543d  GPIOs3IntHandler                   
2000563d  main                               
20005885  xTaskGenericCreate                 
20005993  vTaskDelete                        
20005a23  vTaskDelayUntil                    
20005abf  vTaskDelay                         
20005b15  eTaskGetState                      
20005ba9  uxTaskPriorityGet                  
20005be1  vTaskPrioritySet                   
20005ce5  vTaskSuspend                       
20005dd9  vTaskResume                        
20005e4d  xTaskResumeFromISR                 
20005ec7  vTaskStartScheduler                
20005f11  vTaskEndScheduler                  
20005f23  vTaskSuspendAll                    
20005f35  xTaskResumeAll                     
20006001  xTaskGetTickCount                  
20006015  xTaskGetTickCountFromISR           
2000602d  uxTaskGetNumberOfTasks             
20006039  pcTaskGetTaskName                  
2000605d  uxTaskGetSystemState               
2000611b  xTaskGetIdleTaskHandle             
20006139  xTaskIncrementTick                 
20006255  vTaskSwitchContext                 
200062d5  vTaskPlaceOnEventList              
20006339  vTaskPlaceOnUnorderedEventList     
200063a9  xTaskRemoveFromEventList           
20006431  xTaskRemoveFromUnorderedEventList  
2000649f  vTaskSetTimeOutState               
200064c5  xTaskCheckForTimeOut               
2000653f  vTaskMissedYield                   
2000654d  uxTaskGetTaskNumber                
2000656d  vTaskSetTaskNumber                 
20006915  xTaskGetCurrentTaskHandle          
20006929  xTaskGetSchedulerState             
20006961  vTaskPriorityInherit               
20006a1b  vTaskPriorityDisinherit            
20006aa5  uxTaskResetEventItemValue          
2000787d  __TI_printfi                       
20007b85  exo_download_list_content          
20007c91  exo_download_get_content_info      
20007d9f  exo_download_get_content           
20007ed7  exo_init                           
20007f55  exo_loop_start                     
200083c9  exo_write                          
2000849d  exo_read                           
20008561  exo_subscribe                      
20008a4d  build_msg_activate                 
20008ae7  convert_data_ports_to_read_string  
20008b6f  build_msg_read                     
20008be9  convert_data_ports_to_write_string 
20008d3b  build_msg_write                    
20008dd3  build_msg_long_polling             
20008edb  build_msg_list_content             
20008f35  build_msg_get_content_info         
20008f8d  build_msg_get_content              
200090a7  parse_msg_read                     
20009175  parse_rsp_status                   
20009245  parse_cik_info                     
200092e1  parse_content_list                 
20009375  parse_content_info                 
200093f3  parse_content                      
20009781  xQueueGenericReset                 
20009811  xQueueGenericCreate                
20009887  xQueueCreateMutex                  
20009905  xQueueCreateCountingSemaphore      
20009925  xQueueGenericSend                  
20009a31  xQueueAltGenericSend               
20009add  xQueueAltGenericReceive            
20009bdb  xQueueGenericSendFromISR           
20009c77  xQueueGenericReceive               
20009db9  xQueueReceiveFromISR               
20009e31  xQueuePeekFromISR                  
20009e75  uxQueueMessagesWaiting             
20009e8b  uxQueueSpacesAvailable             
20009eab  uxQueueMessagesWaitingFromISR      
20009ebd  vQueueDelete                       
20009ee1  uxQueueGetQueueNumber              
20009eef  vQueueSetQueueNumber               
20009f01  ucQueueGetQueueType                
2000a0b7  xQueueIsQueueEmptyFromISR          
2000a0f9  xQueueIsQueueFullFromISR           
2000a11b  vQueueAddToRegistry                
2000a15d  vQueueUnregisterQueue              
2000a197  xQueueCreateSet                    
2000a1ab  xQueueAddToSet                     
2000a1df  xQueueRemoveFromSet                
2000a221  xQueueSelectFromSet                
2000a23b  xQueueSelectFromSetFromISR         
2000a2a5  exosite_pal_init                   
2000a2e3  exosite_pal_sock_connect           
2000a36d  exosite_pal_sock_is_connected      
2000a379  exosite_pal_sock_read              
2000a3bd  exosite_pal_sock_write             
2000a3ed  exosite_pal_sock_close             
2000a401  exosite_pal_load_cik               
2000a481  exosite_pal_save_cik               
2000a4e9  exosite_pal_remove_cik             
2000a4f5  exosite_pal_timer_expired          
2000a511  exosite_pal_timer_countdown_ms     
2000a529  exosite_pal_timer_countdown        
2000a547  exosite_pal_timer_left_ms          
2000a579  exosite_pal_timer_init             
2000a5e1  exosite_pal_get_current_date_time  
2000b01d  __TI_scanfi                        
2000b4cd  _SlDrvMsgRead                      
2000bab9  pow                                
2000bf39  osi_InterruptRegister              
2000bf5f  osi_InterruptDeRegister            
2000bf71  osi_SyncObjCreate                  
2000bfa1  osi_SyncObjDelete                  
2000bfbb  osi_SyncObjSignal                  
2000bfe3  osi_SyncObjSignalFromISR           
2000c01b  osi_SyncObjWait                    
2000c047  osi_SyncObjClear                   
2000c069  osi_LockObjCreate                  
2000c08f  osi_TaskCreate                     
2000c0cf  osi_TaskDelete                     
2000c0dd  osi_LockObjDelete                  
2000c0ed  osi_LockObjLock                    
2000c119  osi_LockObjUnlock                  
2000c143  osi_Spawn                          
2000c1b1  VStartSimpleLinkSpawnTask          
2000c201  VDeleteSimpleLinkSpawnTask         
2000c22d  osi_MsgQCreate                     
2000c271  osi_MsgQDelete                     
2000c28b  osi_MsgQWrite                      
2000c2bd  osi_MsgQRead                       
2000c2f9  mem_Malloc                         
2000c305  mem_Free                           
2000c311  mem_set                            
2000c325  mem_copy                           
2000c339  osi_EnterCritical                  
2000c343  osi_ExitCritical                   
2000c34d  osi_start                          
2000c355  osi_Sleep                          
2000c365  osi_TaskDisable                    
2000c36f  osi_TaskEnable                     
2000c379  osi_ContextSave                    
2000c37b  osi_ContextRestore                 
2000c3d5  TMP006DrvOpen                      
2000c637  TMP006DrvGetTemp                   
2000c7a1  minit                              
2000c82f  malloc                             
2000c897  free                               
2000c959  realloc                            
2000ca65  memalign                           
2000cb49  calloc                             
2000cb7d  GPIO_IF_LedConfigure               
2000cbbb  GPIO_IF_LedOn                      
2000cc6f  GPIO_IF_LedOff                     
2000cd23  GPIO_IF_LedStatus                  
2000cd8d  GPIO_IF_LedToggle                  
2000cdbb  GPIO_IF_GetPortNPin                
2000ce01  GPIO_IF_ConfigureNIntEnable        
2000ce3d  GPIO_IF_Set                        
2000ce77  GPIO_IF_Get                        
2000ced1  write                              
2000cf61  remove                             
2000cf61  unlink                             
2000cf85  rename                             
2000cfc3  remove_device                      
2000cfeb  read                               
2000d00f  open                               
2000d0bd  lseek                              
2000d0e1  close                              
2000d131  add_device                         
2000d1dd  _Log                               
2000d4c1  HOSTwrite                          
2000d50d  HOSTunlink                         
2000d545  HOSTtime                           
2000d57f  HOSTrename                         
2000d5dd  HOSTread                           
2000d629  HOSTopen                           
2000d67b  HOSTlseek                          
2000d6d7  HOSTgetenv                         
2000d715  HOSTclose                          
2000d74d  HOSTclock                          
2000d809  I2C_IF_Write                       
2000d8bf  I2C_IF_Read                        
2000d97b  I2C_IF_ReadFrom                    
2000d9c5  I2C_IF_Open                        
2000da25  I2C_IF_Close                       
2000da3d  InitTerm                           
2000da5b  Message                            
2000da7d  ClearTerm                          
2000da87  Error                              
2000dabf  GetCmd                             
2000db51  TrimSpace                          
2000dbe9  Report                             
2000dca9  _SlDrvRxHdrRead                    
2000def1  strtod                             
2000e129  strtold                            
2000e351  _Exp                               
2000e54d  __aeabi_uldivmod                   
2000e741  GetRegisterValue                   
2000e76b  SetRegisterValue                   
2000e7a5  BlockRead                          
2000e7db  BMA222Open                         
2000e7fd  BMA222Close                        
2000e801  BMA222Read                         
2000e87d  BMA222ReadNew                      
2000e92d  strtoll                            
2000eb11  _SlDrvReleasePoolObj               
2000ece1  _SlDrvMsgWrite                     
2000ef75  __TI_cleanup                       
2000efa1  freopen                            
2000efcb  fopen                              
2000f071  __aeabi_dsub                       
2000f07b  __aeabi_dadd                       
2000f229  _SlDrvWaitForPoolObj               
2000f3b9  _SlDrvDriverCBInit                 
2000f52d  _SlFindAndSetActiveObj             
2000f69d  strtoull                           
2000f809  sl_NetAppPingStart                 
2000f971  spi_Open                           
2000fabd  __aeabi_ddiv                       
2000fbf5  PRCMCC3200MCUInit                  
2000fd29  fputs                              
2000fe35  puts                               
2000fe5d  strtol                             
2000ff91  vListInitialise                    
2000ffc1  vListInitialiseItem                
2000ffd1  vListInsertEnd                     
2001000d  vListInsert                        
20010073  uxListRemove                       
200100bd  _SlDrvDataReadOp                   
200101e5  strtoul                            
200102f9  pxPortInitialiseStack              
20010349  xPortStartScheduler                
20010375  vPortEndScheduler                  
20010377  vPortYield                         
20010389  vPortEnterCritical                 
200103a1  vPortExitCritical                  
200103b9  xPortSysTickHandler                
200103d5  vPortSetupTimerInterrupt           
20010409  _Dscale                            
20010519  sl_Connect                         
20010621  sl_Send                            
20010729  _SlDrvDataWriteOp                  
2001082d  sl_NetAppDnsGetHostByName          
20010931  _SlDrvNetAppEventHandler           
20010a2f  __aeabi_dmul                       
20010b2b  __aeabi_fsub                       
20010b2f  __aeabi_fadd                       
20010c25  _SlDrvDriverCBDeinit               
20010d19  sl_FsRead                          
20010e0d  uDMAChannelTransferSet             
20010efd  sl_FsWrite                         
20010fe9  setvbuf                            
200110c5  spi_Read                           
200111a1  _SlDrvClassifyRxMsg                
20011279  sl_Stop                            
2001134d  vsscanf                            
2001135f  sscanf                             
20011419  SmartConfigConnect                 
20011483  SmartConfigStop                    
200114e5  _sl_HandleAsync_DnsGetHostByService
200115ad  __TI_doflush                       
200115f9  fflush                             
20011675  _SlRemoveFromList                  
20011735  _Dint                              
200117f5  _Dnorm                             
200118b5  _SlDrvMsgReadCmdCtx                
20011971  sl_Start                           
20011a31  ulPortSetInterruptMask             
20011a47  vPortClearInterruptMask            
20011a55  xPortPendSVHandler                 
20011aa1  vPortSVCHandler                    
20011ac9  prvPortStartFirstTask              
20011ae1  portCLZ                            
20011ae9  _SlAsyncEventGenericHandler        
20011ba1  SimpleLinkPingReport               
20011bb9  ConnectionTest                     
20011c59  __TI_wrt_ok                        
20011cbb  __TI_rd_ok                         
20011d05  IntDisable                         
20011dad  IntEnable                          
20011e55  sl_NetCfgGet                       
20011efd  SPIConfigSetExpClk                 
20011f9d  _SlDrvMsgReadSpawnCtx              
20012039  __aeabi_memcpy                     
20012039  __aeabi_memcpy4                    
20012039  __aeabi_memcpy8                    
20012039  memcpy                             
200120d5  _sl_GetCreateFsMode                
2001216d  __TI_closefile                     
200121d3  fclose                             
20012205  fputc                              
20012205  putc                               
20012289  putchar                            
2001229d  PRCMPeripheralClockGet             
20012331  snprintf                           
200123c5  sl_WlanGet                         
20012459  __aeabi_fdiv                       
200124ed  sl_WlanSmartConfigStart            
20012695  _sl_HandleAsync_DnsGetHostByName   
20012721  _sl_HandleAsync_PingResponse       
200127ad  spi_Write                          
20012839  PinConfigSet                       
200128c1  vsnprintf                          
20012949  sl_FsClose                         
200129d1  __aeabi_cdcmpeq                    
200129d1  __aeabi_cdcmple                    
20012a57  __aeabi_cdrcmple                   
20012add  I2CMasterInitExpClk                
20012b61  NwpPowerOnPreamble                 
20012be5  GPIOIntTypeSet                     
20012c69  _SlDrvCmdOp                        
20012de9  _sl_HandleAsync_InitComplete       
20012e65  __aeabi_memclr                     
20012e65  __aeabi_memclr4                    
20012e65  __aeabi_memclr8                    
20012e67  __aeabi_memset                     
20012e67  __aeabi_memset4                    
20012e67  __aeabi_memset8                    
20012e6d  memset                             
20012ee1  _sl_HandleAsync_Connect            
20012f59  sl_FsOpen                          
20012fd1  spi_Close                          
20013049  UARTConfigSetExpClk                
200130c1  PinMuxConfig                       
20013135  sl_Recv                            
200131b1  printf                             
20013219  _SlDrvCmdSend                      
20013285  __TI_auto_init                     
2001335d  _sl_NetAppSendTokenValue           
200133c5  __TI_writemsg                      
200133f3  C$$IO$$                            
200133f7  __TI_readmsg                       
2001342d  sl_DevSet                          
20013495  sl_SetSockOpt                      
200134fd  _Dunscale                          
20013565  fseek                              
200135c9  uDMAChannelAttributeDisable        
2001362d  uDMAChannelAttributeEnable         
20013691  _sl_HandleAsync_Accept             
200136f1  sprintf                            
20013751  sl_WlanPolicySet                   
200137b1  sl_Socket                          
2001380d  IntPendClear                       
20013865  PRCMPeripheralReset                
200138bd  ltoa                               
20013915  IntPrioritySet                     
20013969  _sl_HandleAsync_Select             
200139bd  _sl_HandleAsync_Stop               
20013a0d  sl_FsDel                           
20013a5d  SPIIntEnable                       
20013aa9  _SlDrvProtectAsyncRespSetting      
20013af5  _SlDrvRxIrqHandler                 
20013b41  _sl_BuildAddress                   
20013b8d  atoi                               
20013bd9  copy_in                            
20013c25  uDMAChannelAssign                  
20013c71  __aeabi_d2f                        
20013d05  SPIIntClear                        
20013d4d  _SlDrvBasicCmd                     
20013d95  __aeabi_d2iz                       
20013ddd  __aeabi_l2f                        
20013e25  ldexp                              
20013ef5  C$$EXIT                            
20013ef9  abort                              
20013f01  exit                               
20013f39  sl_Htonl                           
20013f7d  PinModeSet                         
20013fbd  signal                             
20013ffd  strtok                             
2001403d  CopyPingResultsToReport            
20014079  PRCMPeripheralClkEnable            
200140b5  _sl_TruncatePayloadByProtocol      
200140f1  _c_int00                           
2001412d  sl_Htons                           
20014169  uDMAChannelControlSet              
200141a5  NwpPowerOff                        
200141dd  pvPortMalloc                       
200141fd  vPortFree                          
20014215  __aeabi_f2d                        
2001424d  __aeabi_f2iz                       
20014285  __aeabi_i2f                        
200142bd  GPIODirModeSet                     
200142f5  PRCMPeripheralStatusGet            
20014329  SPIFIFOLevelSet                    
2001435d  feraiseexcept                      
20014391  __aeabi_f2uiz                      
200143c5  strstr                             
200143f9  PinTypeGPIO                        
20014429  UARTDisable                        
20014459  _SlDrvDeviceEventHandler           
20014489  _sl_Strlen                         
200144b9  strncpy                            
200144e9  _Feraise                           
20014519  sl_Close                           
20014549  sl_WlanSetMode                     
20014579  __aeabi_i2d                        
200145a7  raise                              
200145d5  DmaSpiSwIntHandler                 
20014601  I2CMasterErr                       
2001462d  NwpPowerOn                         
20014659  PRCMSysResetCauseGet               
20014685  _nassert                           
20014687  _abort_msg                         
2001469d  _assert                            
200146b1  strspn                             
200146db  _Dclass                            
20014705  PRCMPeripheralClkDisable           
2001472d  sl_NetAppStart                     
20014755  sl_NetAppStop                      
2001477d  NwpRegisterInterruptHandler        
200147a5  IntUnregister                      
200147c9  UARTEnable                         
200147ed  _SlDrvProtectionObjLockWaitForever 
20014811  memmove                            
20014835  strcspn                            
20014859  GPIOIntStatus                      
2001487b  I2CMasterSlaveAddrSet              
2001489d  SPIReset                           
200148bf  SPIWordCountSet                    
200148e1  frexp                              
20014903  memcmp                             
20014925  GPIOPinWrite                       
20014945  IntRegister                        
20014965  _SlDrvProtectionObjUnLock          
20014985  memchr                             
200149a5  GPIOIntRegister                    
200149c3  I2CMasterIntStatusEx               
200149e1  UARTCharPut                        
20014a1d  PinTypeI2C                         
20014a39  _SlDrvObjLockWaitForever           
20014a55  _SlDrvSyncObjWaitForever           
20014a71  memccpy                            
20014a8d  uDMAChannelEnable                  
20014aa9  GPIOIntDisable                     
20014ac3  GPIOIntEnable                      
20014add  PinTypeUART                        
20014af7  SPIDmaDisable                      
20014b11  SPIDmaEnable                       
20014b2b  SPIFIFODisable                     
20014b45  SPIFIFOEnable                      
20014b5f  GPIOPinRead                        
20014b77  SPICSDisable                       
20014b8f  SPICSEnable                        
20014ba7  SPIDisable                         
20014bbf  SPIEnable                          
20014bd7  _SlDrvObjUnLock                    
20014bef  _SlDrvSyncObjSignal                
20014c09  _sl_GetStartResponseConvert        
20014c21  _args_main                         
20014c39  __aeabi_lmul                       
20014c51  strcmp                             
20014c69  strrchr                            
20014c81  I2CMasterDataPut                   
20014c97  I2CMasterEnable                    
20014cad  PRCMHIBRegRead                     
20014cc3  PRCMHIBRegWrite                    
20014cd9  UARTCharGet                        
20014cef  _SlDrvMemZero                      
20014d05  strchr                             
20014d1b  CPUcpsie                           
20014d2f  GPIOIntClear                       
20014d45  IntVTableBaseSet                   
20014d59  _register_unlock                   
20014d5f  _register_lock                     
20014d67  _nop                               
20014d6d  strcpy                             
20014d81  strlen                             
20014d95  I2CMasterControl                   
20014da7  I2CMasterIntClearEx                
20014db9  I2CMasterTimeoutSet                
20014dcb  I2CMasterDataGet                   
20014dd9  _SlDrvResetCmdExt                  
20014de7  __TI_decompress_none               
20014df5  ResetISR                           
20014e05  NwpMaskInterrupt                   
20014e11  NwpUnMaskInterrupt                 
20014e1d  __TI_zero_init                     
20014e29  sl_WlanSmartConfigStop             
20014e35  IntMasterEnable                    
20014e3f  bzero                              
20014e47  UtilsDelay                         
20014e4d  __TI_decompress_rle24              
20014e53  log                                
20014e59  _system_pre_init                   
20014e60  _ctypes_                           
20015428  OpcodeTranslateTable               
20015464  _SlPolicySetCmdCtrl                
20015468  _SlPolicyGetCmdCtrl                
2001546c  _SlProfileGetCmdCtrl               
20015470  _SlProfileDelCmdCtrl               
20015474  _SlWlanGetNetworkListCtrl          
20015478  _SlRxFilterAddtCmdCtrl             
2001547c  _SlRxFilterSetCmdCtrl              
20015480  _SlRxFilterGetCmdCtrl              
20015484  _SlSmartConfigStartCmdCtrl         
20015488  _SlWlanSetModeCmdCtrl              
2001548c  _SlWlanCfgSetCmdCtrl               
20015490  _SlWlanCfgGetCmdCtrl               
200154a0  _SlActionLookupTable               
20015510  _SlFsOpenCmdCtrl                   
20015514  _SlFsCloseCmdCtrl                  
20015518  _SlFsReadCmdCtrl                   
2001551c  _SlFsWriteCmdCtrl                  
20015520  _SlFsGetInfoCmdCtrl                
20015524  _SlFsDeleteCmdCtrl                 
20015548  g_H2NSyncPattern                   
20015550  g_H2NCnysPattern                   
20015558  RxMsgClassLUT                      
2001557c  _SlSockSocketCmdCtrl               
20015580  _SlSockCloseCmdCtrl                
20015584  _SlRecvfomCmdCtrl                  
20015588  _SlSendCmdCtrl                     
2001558c  _SlListenCmdCtrl                   
20015590  _SlAcceptCmdCtrl                   
20015594  _SlRecvCmdCtrl                     
20015598  _SlSetSockOptCmdCtrl               
2001559c  _SlGetSockOptCmdCtrl               
200155a0  _SlSelectCmdCtrl                   
200155e0  _SlNetAppStartCtrl                 
200155e4  _SlNetAppStopCtrl                  
200155e8  _SlGetServiceListeCtrl             
200155ec  _SlRegisterServiceCtrl             
200155f0  _SlGetHostByServiceCtrl            
200155f4  _SlGetHostByNameCtrl               
200155f8  _SlNetAppSetCmdCtrl                
200155fc  _SlNetAppSendTokenValueCmdCtrl     
20015600  _SlNetAppGetCmdCtrl                
20015644  _SlStopCmdCtrl                     
20015648  _SlEventMaskSetCmdCtrl             
2001564c  _SlEventMaskGetCmdCtrl             
20015650  _SlDeviceGetCmdCtrl                
20015654  _SlDeviceSetCmdCtrl                
20015658  _SlPayloadByProtocolLUT            
20015678  StartResponseLUT                   
20015680  _SlNetCfgSetCmdCtrl                
20015684  _SlNetCfgGetCmdCtrl                
20015688  __TI_static_base__                 
200157c4  __TI_Handler_Table_Base            
200157d0  __TI_Handler_Table_Limit           
200157d8  __TI_CINIT_Base                    
200157e8  __TI_CINIT_Limit                   
20017000  _sys_memory                        
2001c918  g_StatMem                          
2001ca90  __CIOBUF_                          
2001cc78  __TI_tmpnams                       
2001cd98  g_ucDinDout                        
2001cde8  xQueueRegistry                     
2001ced0  DMAMsgQ                            
2001cee8  g_cDummy                           
2001cef8  RxIrqCnt                           
2001cef9  g_ucLED1Pin                        
2001cefa  g_ucLED2Pin                        
2001cefb  g_ucLED3Pin                        
2001cf00  _ftable                            
2001d170  _Denorm                            
2001d180  _Eps                               
2001d190  _Hugeval                           
2001d1a0  _Inf                               
2001d1b0  _Nan                               
2001d1c0  _Snan                              
2001d1d0  _Rteps                             
2001d1e0  _Xbig                              
2001d1e8  _Zero                              
2001d258  _FDenorm                           
2001d268  _FEps                              
2001d278  _FInf                              
2001d288  _FNan                              
2001d298  _FSnan                             
2001d2a8  _FRteps                            
2001d2b8  _FXbig                             
2001d2bc  _FZero                             
2001d2c0  pxCurrentTCB                       
2001d308  g_uiLED1Port                       
2001d30c  g_uiLED2Port                       
2001d310  g_uiLED3Port                       
2001d314  __TI_ft_end                        
2001d318  __aeabi_stdin                      
2001d31c  __aeabi_stdout                     
2001d320  __aeabi_stderr                     
2001d324  xHigherPriorityTaskWoken           
2001d328  xSimpleLinkSpawnQueue              
2001d32c  xSimpleLinkSpawnTaskHndl           
2001d33c  g_SpiFd                            
2001d340  g_pHostIntHdl                      
2001d344  g_ucDMAEnabled                     
2001d348  g_pCB                              
2001d34c  pPingCallBackFunc                  
2001d350  gFirstCmdMode                      
2001d354  g_uiPingPacketsRecv                
2001d358  g_uiPingDone                       
2001d35c  _lock                              
2001d360  _unlock                            
2001d364  __TI_cleanup_ptr                   
2001d368  __TI_dtors_ptr                     
2001d36c  _Fenv                              
2001d370  _Tls_setup__Fenv                   
2001d37c  _Errno                             
2001d384  main_func_sp                       
2002c000  __stack                            
20030000  __STACK_END                        
ffffffff  __binit__                          
ffffffff  __c_args__                         
ffffffff  binit                              
UNDEFED   SHT$$INIT_ARRAY$$Base              
UNDEFED   SHT$$INIT_ARRAY$$Limit             

[622 symbols]
