******************************************************************************
                  TI ARM Linker PC v5.2.4                      
******************************************************************************
>> Linked Fri May 15 16:05:13 2015

OUTPUT FILE NAME:   <3200ExositeDemo.out>
ENTRY POINT SYMBOL: "_c_int00"  address: 200140f5


MEMORY CONFIGURATION

         name            origin    length      used     unused   attr    fill
----------------------  --------  ---------  --------  --------  ----  --------
  SRAM_CODE             20004000   00013000  000117e8  00001818  RW X
  SRAM_DATA             20017000   00019000  0000a388  0000ec78  RW X


SEGMENT ALLOCATION MAP

run origin  load origin   length   init length attrs members
----------  ----------- ---------- ----------- ----- -------
20004000    20004000    000117e8   000117e8    r-x
  20004000    20004000    00000400   00000400    r-- .intvecs
  20004400    20004400    00010a60   00010a60    r-x .text
  20014e60    20014e60    00000828   00000828    r-- .const
  20015688    20015688    00000160   00000160    r-- .cinit
20017000    20017000    0000638c   00000000    rw-
  20017000    20017000    00004000   00000000    rw- .sysmem
  2001b000    2001b000    00001efc   00000000    rw- .bss
  2001cf00    2001cf00    0000048c   00000000    rw- .data
2002c000    2002c000    00004000   00000000    rw-
  2002c000    2002c000    00004000   00000000    rw- .stack


SECTION ALLOCATION MAP

 output                                  attributes/
section   page    origin      length       input sections
--------  ----  ----------  ----------   ----------------
.intvecs   0    20004000    00000400     
                  20004000    00000400     startup_ccs.obj (.intvecs)

.init_array 
*          0    20004000    00000000     UNINITIALIZED

.text      0    20004400    00010a60     
                  20004400    00001484     main.obj (.text)
                  20005884    00001258     free_rtos.a : tasks.obj (.text)
                  20006adc    000010a6     rtsv7M4_T_le_eabi.lib : _printfi.obj (.text)
                  20007b82    00000002     driverlib.a : interrupt.obj (.text:IntDefaultHandler)
                  20007b84    00000ec8     exosite_http.obj (.text)
                  20008a4c    00000d34     utility.obj (.text)
                  20009780    00000b24     free_rtos.a : queue.obj (.text)
                  2000a2a4    00000920     exosite_pal_cc3200.obj (.text)
                  2000abc4    00000906     rtsv7M4_T_le_eabi.lib : _scanfi.obj (.text)
                  2000b4ca    00000002     --HOLE-- [fill = 0]
                  2000b4cc    000005ec     simplelink.a : driver.obj (.text:_SlDrvMsgRead)
                  2000bab8    00000480     rtsv7M4_T_le_eabi.lib : pow.obj (.text)
                  2000bf38    0000045c     free_rtos.a : osi_freertos.obj (.text)
                  2000c394    0000040c     tmp006drv.obj (.text)
                  2000c7a0    000003dc     rtsv7M4_T_le_eabi.lib : memory.obj (.text)
                  2000cb7c    00000394     gpio_if.obj (.text)
                  2000cf10    0000030c     rtsv7M4_T_le_eabi.lib : lowlev.obj (.text)
                  2000d21c    000002e4                           : xlog.obj (.text)
                  2000d500    000002d4                           : trgdrv.obj (.text)
                  2000d7d4    00000290     i2c_if.obj (.text)
                  2000da64    00000290     uart_if.obj (.text)
                  2000dcf4    00000248     simplelink.a : driver.obj (.text:_SlDrvRxHdrRead)
                  2000df3c    00000238     rtsv7M4_T_le_eabi.lib : strtod.obj (.text)
                  2000e174    00000228                           : strtold.obj (.text)
                  2000e39c    000001fc                           : xexp.obj (.text)
                  2000e598    000001f4                           : ull_div_t2.obj (.text)
                  2000e78c    000001ec     bma222drv.obj (.text)
                  2000e978    000001e4     rtsv7M4_T_le_eabi.lib : strtoll.obj (.text)
                  2000eb5c    000001d0     simplelink.a : driver.obj (.text:_SlDrvReleasePoolObj)
                  2000ed2c    000001cc                  : driver.obj (.text:_SlDrvMsgWrite)
                  2000eef8    000001c4     rtsv7M4_T_le_eabi.lib : fopen.obj (.text)
                  2000f0bc    000001b6                           : fd_add_t2.obj (.text)
                  2000f272    00000002     --HOLE-- [fill = 0]
                  2000f274    00000190     simplelink.a : driver.obj (.text:_SlDrvWaitForPoolObj)
                  2000f404    00000174                  : driver.obj (.text:_SlDrvDriverCBInit)
                  2000f578    00000170                  : driver.obj (.text:_SlFindAndSetActiveObj)
                  2000f6e8    0000016c     rtsv7M4_T_le_eabi.lib : strtoull.obj (.text)
                  2000f854    00000168     simplelink.a : netapp.obj (.text:sl_NetAppPingStart)
                  2000f9bc    0000014c                  : cc_pal.obj (.text:spi_Open)
                  2000fb08    00000136     rtsv7M4_T_le_eabi.lib : fd_div_t2.obj (.text)
                  2000fc3e    00000002     --HOLE-- [fill = 0]
                  2000fc40    00000134     driverlib.a : prcm.obj (.text:PRCMCC3200MCUInit)
                  2000fd74    00000134     rtsv7M4_T_le_eabi.lib : fputs.obj (.text)
                  2000fea8    00000134                           : strtol.obj (.text)
                  2000ffdc    0000012a     free_rtos.a : list.obj (.text)
                  20010106    00000002     --HOLE-- [fill = 0]
                  20010108    00000128     simplelink.a : driver.obj (.text:_SlDrvDataReadOp)
                  20010230    00000114     rtsv7M4_T_le_eabi.lib : strtoul.obj (.text)
                  20010344    00000110     free_rtos.a : port.obj (.text)
                  20010454    00000110     rtsv7M4_T_le_eabi.lib : xdscale.obj (.text)
                  20010564    00000108     simplelink.a : socket.obj (.text:sl_Connect)
                  2001066c    00000108                  : socket.obj (.text:sl_Send)
                  20010774    00000104                  : driver.obj (.text:_SlDrvDataWriteOp)
                  20010878    00000104                  : netapp.obj (.text:sl_NetAppDnsGetHostByName)
                  2001097c    000000fe                  : netapp.obj (.text:_SlDrvNetAppEventHandler)
                  20010a7a    000000fc     rtsv7M4_T_le_eabi.lib : fd_mul_t2.obj (.text)
                  20010b76    000000fa                           : fs_add_t2.obj (.text)
                  20010c70    000000f4     simplelink.a : driver.obj (.text:_SlDrvDriverCBDeinit)
                  20010d64    000000f4                  : fs.obj (.text:sl_FsRead)
                  20010e58    000000f0     driverlib.a : udma.obj (.text:uDMAChannelTransferSet)
                  20010f48    000000ec     simplelink.a : fs.obj (.text:sl_FsWrite)
                  20011034    000000dc     rtsv7M4_T_le_eabi.lib : setvbuf.obj (.text)
                  20011110    000000dc     simplelink.a : cc_pal.obj (.text:spi_Read)
                  200111ec    000000d8                  : driver.obj (.text:_SlDrvClassifyRxMsg)
                  200112c4    000000d4                  : device.obj (.text:sl_Stop)
                  20011398    000000cc     rtsv7M4_T_le_eabi.lib : sscanf.obj (.text)
                  20011464    000000cc     smartconfig.obj (.text)
                  20011530    000000c8     simplelink.a : netapp.obj (.text:_sl_HandleAsync_DnsGetHostByService)
                  200115f8    000000c8     rtsv7M4_T_le_eabi.lib : fflush.obj (.text)
                  200116c0    000000c0     simplelink.a : driver.obj (.text:_SlRemoveFromList)
                  20011780    000000c0     rtsv7M4_T_le_eabi.lib : xdint.obj (.text)
                  20011840    000000be                           : xdnorm.obj (.text)
                  200118fe    00000002     --HOLE-- [fill = 0]
                  20011900    000000bc     simplelink.a : driver.obj (.text:_SlDrvMsgReadCmdCtx)
                  200119bc    000000bc                  : device.obj (.text:sl_Start)
                  20011a78    000000ba     free_rtos.a : portasm.obj (.text)
                  20011b32    00000002     --HOLE-- [fill = 0]
                  20011b34    000000b8     simplelink.a : driver.obj (.text:_SlAsyncEventGenericHandler)
                  20011bec    000000b8     device_status.obj (.text)
                  20011ca4    000000ac     rtsv7M4_T_le_eabi.lib : _io_perm.obj (.text)
                  20011d50    000000a8     driverlib.a : interrupt.obj (.text:IntDisable)
                  20011df8    000000a8                 : interrupt.obj (.text:IntEnable)
                  20011ea0    000000a8     simplelink.a : netcfg.obj (.text:sl_NetCfgGet)
                  20011f48    000000a0     driverlib.a : spi.obj (.text:SPIConfigSetExpClk)
                  20011fe8    0000009c     simplelink.a : driver.obj (.text:_SlDrvMsgReadSpawnCtx)
                  20012084    0000009c     rtsv7M4_T_le_eabi.lib : memcpy_t2.obj (.text)
                  20012120    00000098     simplelink.a : fs.obj (.text:_sl_GetCreateFsMode)
                  200121b8    00000098     rtsv7M4_T_le_eabi.lib : fclose.obj (.text)
                  20012250    00000098                           : fputc.obj (.text)
                  200122e8    00000094     driverlib.a : prcm.obj (.text:PRCMPeripheralClockGet)
                  2001237c    00000094     rtsv7M4_T_le_eabi.lib : snprintf.obj (.text)
                  20012410    00000094     simplelink.a : wlan.obj (.text:sl_WlanGet)
                  200124a4    00000092     rtsv7M4_T_le_eabi.lib : fs_div_t2.obj (.text)
                  20012536    00000002     --HOLE-- [fill = 0]
                  20012538    00000090     simplelink.a : wlan.obj (.text:sl_WlanSmartConfigStart)
                  200125c8    0000008c                  : cc_pal.obj (.text:SetupDMAReceive)
                  20012654    0000008c                  : cc_pal.obj (.text:SetupDMASend)
                  200126e0    0000008c                  : netapp.obj (.text:_sl_HandleAsync_DnsGetHostByName)
                  2001276c    0000008c                  : netapp.obj (.text:_sl_HandleAsync_PingResponse)
                  200127f8    0000008c                  : cc_pal.obj (.text:spi_Write)
                  20012884    00000088     driverlib.a : pin.obj (.text:PinConfigSet)
                  2001290c    00000088     rtsv7M4_T_le_eabi.lib : vsnprintf.obj (.text)
                  20012994    00000088     simplelink.a : fs.obj (.text:sl_FsClose)
                  20012a1c    00000086     rtsv7M4_T_le_eabi.lib : fd_cmp_t2.obj (.text:__aeabi_cdcmple)
                  20012aa2    00000086                           : fd_cmp_t2.obj (.text:__aeabi_cdrcmple)
                  20012b28    00000084     driverlib.a : i2c.obj (.text:I2CMasterInitExpClk)
                  20012bac    00000084     simplelink.a : cc_pal.obj (.text:NwpPowerOnPreamble)
                  20012c30    00000082     driverlib.a : gpio.obj (.text:GPIOIntTypeSet)
                  20012cb2    00000002     --HOLE-- [fill = 0]
                  20012cb4    00000080     simplelink.a : driver.obj (.text:_SlDrvCmdOp)
                  20012d34    00000080                  : cc_pal.obj (.text:spi_Read_CPU)
                  20012db4    00000080                  : cc_pal.obj (.text:spi_Write_CPU)
                  20012e34    0000007c                  : device.obj (.text:_sl_HandleAsync_InitComplete)
                  20012eb0    0000007a     rtsv7M4_T_le_eabi.lib : memset_t2.obj (.text)
                  20012f2a    00000002     --HOLE-- [fill = 0]
                  20012f2c    00000078     simplelink.a : socket.obj (.text:_sl_HandleAsync_Connect)
                  20012fa4    00000078                  : fs.obj (.text:sl_FsOpen)
                  2001301c    00000078                  : cc_pal.obj (.text:spi_Close)
                  20013094    00000076     driverlib.a : uart.obj (.text:UARTConfigSetExpClk)
                  2001310a    00000002     --HOLE-- [fill = 0]
                  2001310c    00000074     pinmux.obj (.text)
                  20013180    00000074     simplelink.a : socket.obj (.text:sl_Recv)
                  200131f4    00000070     rtsv7M4_T_le_eabi.lib : printf.obj (.text)
                  20013264    0000006c     simplelink.a : driver.obj (.text:_SlDrvCmdSend)
                  200132d0    0000006c     rtsv7M4_T_le_eabi.lib : autoinit.obj (.text)
                  2001333c    0000006a                           : copy_decompress_rle.obj (.text)
                  200133a6    00000002     --HOLE-- [fill = 0]
                  200133a8    00000068     simplelink.a : netapp.obj (.text:_sl_NetAppSendTokenValue)
                  20013410    00000068     rtsv7M4_T_le_eabi.lib : trgmsg.obj (.text)
                  20013478    00000068     simplelink.a : device.obj (.text:sl_DevSet)
                  200134e0    00000068                  : socket.obj (.text:sl_SetSockOpt)
                  20013548    00000066     rtsv7M4_T_le_eabi.lib : xdunscal.obj (.text)
                  200135ae    00000002     --HOLE-- [fill = 0]
                  200135b0    00000064                           : fseek.obj (.text)
                  20013614    00000064     driverlib.a : udma.obj (.text:uDMAChannelAttributeDisable)
                  20013678    00000064                 : udma.obj (.text:uDMAChannelAttributeEnable)
                  200136dc    00000060     simplelink.a : socket.obj (.text:_sl_HandleAsync_Accept)
                  2001373c    00000060     rtsv7M4_T_le_eabi.lib : sprintf.obj (.text)
                  2001379c    00000060     simplelink.a : wlan.obj (.text:sl_WlanPolicySet)
                  200137fc    0000005c                  : socket.obj (.text:sl_Socket)
                  20013858    00000058     driverlib.a : interrupt.obj (.text:IntPendClear)
                  200138b0    00000058                 : prcm.obj (.text:PRCMPeripheralReset)
                  20013908    00000056     rtsv7M4_T_le_eabi.lib : ltoa.obj (.text)
                  2001395e    00000002     --HOLE-- [fill = 0]
                  20013960    00000054     driverlib.a : interrupt.obj (.text:IntPrioritySet)
                  200139b4    00000054     simplelink.a : socket.obj (.text:_sl_HandleAsync_Select)
                  20013a08    00000050                  : device.obj (.text:_sl_HandleAsync_Stop)
                  20013a58    00000050                  : fs.obj (.text:sl_FsDel)
                  20013aa8    0000004c     driverlib.a : spi.obj (.text:SPIIntEnable)
                  20013af4    0000004c     simplelink.a : driver.obj (.text:_SlDrvProtectAsyncRespSetting)
                  20013b40    0000004c                  : driver.obj (.text:_SlDrvRxIrqHandler)
                  20013b8c    0000004c                  : socket.obj (.text:_sl_BuildAddress)
                  20013bd8    0000004c     rtsv7M4_T_le_eabi.lib : atoi.obj (.text)
                  20013c24    0000004c                           : cpy_tbl.obj (.text)
                  20013c70    0000004c     driverlib.a : udma.obj (.text:uDMAChannelAssign)
                  20013cbc    0000004a     rtsv7M4_T_le_eabi.lib : fd_tos_t2.obj (.text)
                  20013d06    00000002     --HOLE-- [fill = 0]
                  20013d08    00000048     driverlib.a : spi.obj (.text:SPIIntClear)
                  20013d50    00000048     simplelink.a : driver.obj (.text:_SlDrvBasicCmd)
                  20013d98    00000048     rtsv7M4_T_le_eabi.lib : fd_toi_t2.obj (.text)
                  20013de0    00000048                           : ll_tofs_t2.obj (.text)
                  20013e28    00000046                           : ldexp.obj (.text)
                  20013e6e    00000002     --HOLE-- [fill = 0]
                  20013e70    00000044     driverlib.a : spi.obj (.text:SPIDmaMaskGet)
                  20013eb4    00000044     simplelink.a : cc_pal.obj (.text:cc_SetupTransfer)
                  20013ef8    00000044     rtsv7M4_T_le_eabi.lib : exit.obj (.text)
                  20013f3c    00000042     simplelink.a : socket.obj (.text:sl_Htonl)
                  20013f7e    00000002     --HOLE-- [fill = 0]
                  20013f80    00000040     driverlib.a : pin.obj (.text:PinModeSet)
                  20013fc0    00000040     rtsv7M4_T_le_eabi.lib : signal.obj (.text)
                  20014000    00000040                           : strtok.obj (.text)
                  20014040    0000003c     simplelink.a : netapp.obj (.text:CopyPingResultsToReport)
                  2001407c    0000003c     driverlib.a : prcm.obj (.text:PRCMPeripheralClkEnable)
                  200140b8    0000003c     simplelink.a : socket.obj (.text:_sl_TruncatePayloadByProtocol)
                  200140f4    0000003c     rtsv7M4_T_le_eabi.lib : boot.obj (.text)
                  20014130    0000003c     simplelink.a : socket.obj (.text:sl_Htons)
                  2001416c    0000003c     driverlib.a : udma.obj (.text:uDMAChannelControlSet)
                  200141a8    00000038     simplelink.a : cc_pal.obj (.text:NwpPowerOff)
                  200141e0    00000038     free_rtos.a : heap_3.obj (.text)
                  20014218    00000038     rtsv7M4_T_le_eabi.lib : fs_tod_t2.obj (.text)
                  20014250    00000038                           : fs_toi_t2.obj (.text)
                  20014288    00000038                           : i_tofs_t2.obj (.text)
                  200142c0    00000036     driverlib.a : gpio.obj (.text:GPIODirModeSet)
                  200142f6    00000002     --HOLE-- [fill = 0]
                  200142f8    00000034                 : prcm.obj (.text:PRCMPeripheralStatusGet)
                  2001432c    00000034                 : spi.obj (.text:SPIFIFOLevelSet)
                  20014360    00000034     rtsv7M4_T_le_eabi.lib : feraiseexcept.obj (.text)
                  20014394    00000034                           : fs_tou_t2.obj (.text)
                  200143c8    00000034                           : strstr.obj (.text)
                  200143fc    00000030     driverlib.a : pin.obj (.text:PinTypeGPIO)
                  2001442c    00000030                 : uart.obj (.text:UARTDisable)
                  2001445c    00000030     simplelink.a : device.obj (.text:_SlDrvDeviceEventHandler)
                  2001448c    00000030                  : fs.obj (.text:_sl_Strlen)
                  200144bc    00000030     rtsv7M4_T_le_eabi.lib : strncpy.obj (.text)
                  200144ec    00000030                           : xferaise.obj (.text)
                  2001451c    00000030     simplelink.a : socket.obj (.text:sl_Close)
                  2001454c    00000030                  : wlan.obj (.text:sl_WlanSetMode)
                  2001457c    0000002e     rtsv7M4_T_le_eabi.lib : i_tofd_t2.obj (.text)
                  200145aa    0000002e                           : raise.obj (.text)
                  200145d8    0000002c     simplelink.a : cc_pal.obj (.text:DmaSpiSwIntHandler)
                  20014604    0000002c     driverlib.a : i2c.obj (.text:I2CMasterErr)
                  20014630    0000002c     simplelink.a : cc_pal.obj (.text:NwpPowerOn)
                  2001465c    0000002c     driverlib.a : prcm.obj (.text:PRCMSysResetCauseGet)
                  20014688    0000002c     rtsv7M4_T_le_eabi.lib : assert.obj (.text)
                  200146b4    0000002a                           : strspn.obj (.text)
                  200146de    0000002a                           : xdclass.obj (.text)
                  20014708    00000028     driverlib.a : prcm.obj (.text:PRCMPeripheralClkDisable)
                  20014730    00000028     simplelink.a : netapp.obj (.text:sl_NetAppStart)
                  20014758    00000028                  : netapp.obj (.text:sl_NetAppStop)
                  20014780    00000026                  : cc_pal.obj (.text:NwpRegisterInterruptHandler)
                  200147a6    00000002     --HOLE-- [fill = 0]
                  200147a8    00000024     driverlib.a : interrupt.obj (.text:IntUnregister)
                  200147cc    00000024                 : uart.obj (.text:UARTEnable)
                  200147f0    00000024     simplelink.a : driver.obj (.text:_SlDrvProtectionObjLockWaitForever)
                  20014814    00000024     rtsv7M4_T_le_eabi.lib : memmov.obj (.text)
                  20014838    00000024                           : strcspn.obj (.text)
                  2001485c    00000022     driverlib.a : gpio.obj (.text:GPIOIntStatus)
                  2001487e    00000022                 : i2c.obj (.text:I2CMasterSlaveAddrSet)
                  200148a0    00000022                 : spi.obj (.text:SPIReset)
                  200148c2    00000022                 : spi.obj (.text:SPIWordCountSet)
                  200148e4    00000022     rtsv7M4_T_le_eabi.lib : frexp.obj (.text)
                  20014906    00000022                           : memcmp.obj (.text)
                  20014928    00000020     driverlib.a : gpio.obj (.text:GPIOPinWrite)
                  20014948    00000020                 : interrupt.obj (.text:IntRegister)
                  20014968    00000020     simplelink.a : driver.obj (.text:_SlDrvProtectionObjUnLock)
                  20014988    00000020     rtsv7M4_T_le_eabi.lib : memchr.obj (.text)
                  200149a8    0000001e     driverlib.a : i2c.obj (.text:I2CMasterIntStatusEx)
                  200149c6    0000001e                 : uart.obj (.text:UARTCharPut)
                  200149e4    0000001e     simplelink.a : cc_pal.obj (.text:cc_UDMAChannelSelect)
                  20014a02    0000001c     driverlib.a : pin.obj (.text:PinTypeI2C)
                  20014a1e    0000001c                 : uart.obj (.text:UARTCharGetNonBlocking)
                  20014a3a    0000001c     simplelink.a : driver.obj (.text:_SlDrvObjLockWaitForever)
                  20014a56    0000001c                  : driver.obj (.text:_SlDrvSyncObjWaitForever)
                  20014a72    0000001c     rtsv7M4_T_le_eabi.lib : memccpy.obj (.text)
                  20014a8e    00000002     --HOLE-- [fill = 0]
                  20014a90    0000001c     driverlib.a : udma.obj (.text:uDMAChannelEnable)
                  20014aac    0000001a                 : gpio.obj (.text:GPIOIntDisable)
                  20014ac6    0000001a                 : gpio.obj (.text:GPIOIntEnable)
                  20014ae0    0000001a                 : pin.obj (.text:PinTypeUART)
                  20014afa    0000001a                 : spi.obj (.text:SPIDmaDisable)
                  20014b14    0000001a                 : spi.obj (.text:SPIDmaEnable)
                  20014b2e    0000001a                 : spi.obj (.text:SPIFIFODisable)
                  20014b48    0000001a                 : spi.obj (.text:SPIFIFOEnable)
                  20014b62    00000018                 : gpio.obj (.text:GPIOPinRead)
                  20014b7a    00000018                 : spi.obj (.text:SPICSDisable)
                  20014b92    00000018                 : spi.obj (.text:SPICSEnable)
                  20014baa    00000018                 : spi.obj (.text:SPIDisable)
                  20014bc2    00000018                 : spi.obj (.text:SPIEnable)
                  20014bda    00000018                 : uart.obj (.text:UARTCharsAvail)
                  20014bf2    00000018     simplelink.a : driver.obj (.text:_SlDrvObjUnLock)
                  20014c0a    00000018                  : driver.obj (.text:_SlDrvSyncObjSignal)
                  20014c22    00000002     --HOLE-- [fill = 0]
                  20014c24    00000018                  : device.obj (.text:_sl_GetStartResponseConvert)
                  20014c3c    00000018     rtsv7M4_T_le_eabi.lib : args_main.obj (.text)
                  20014c54    00000018                           : ll_mul_t2.obj (.text)
                  20014c6c    00000018                           : strcmp.obj (.text)
                  20014c84    00000018                           : strrchr.obj (.text)
                  20014c9c    00000016     driverlib.a : i2c.obj (.text:I2CMasterDataPut)
                  20014cb2    00000016                 : i2c.obj (.text:I2CMasterEnable)
                  20014cc8    00000016                 : prcm.obj (.text:PRCMHIBRegRead)
                  20014cde    00000016                 : prcm.obj (.text:PRCMHIBRegWrite)
                  20014cf4    00000016     simplelink.a : driver.obj (.text:_SlDrvMemZero)
                  20014d0a    00000016     rtsv7M4_T_le_eabi.lib : strchr.obj (.text)
                  20014d20    00000014     driverlib.a : cpu.obj (.text:CPUcpsie)
                  20014d34    00000014                 : gpio.obj (.text:GPIOIntClear)
                  20014d48    00000014                 : interrupt.obj (.text:IntVTableBaseSet)
                  20014d5c    00000014     rtsv7M4_T_le_eabi.lib : _lock.obj (.text)
                  20014d70    00000014                           : strcpy.obj (.text)
                  20014d84    00000014                           : strlen.obj (.text)
                  20014d98    00000012     driverlib.a : i2c.obj (.text:I2CMasterControl)
                  20014daa    00000012                 : i2c.obj (.text:I2CMasterIntClearEx)
                  20014dbc    00000012                 : i2c.obj (.text:I2CMasterTimeoutSet)
                  20014dce    0000000e                 : i2c.obj (.text:I2CMasterDataGet)
                  20014ddc    0000000e     simplelink.a : driver.obj (.text:_SlDrvResetCmdExt)
                  20014dea    0000000e     rtsv7M4_T_le_eabi.lib : copy_decompress_none.obj (.text:decompress:none)
                  20014df8    0000000e     startup_ccs.obj (.text)
                  20014e06    00000002     --HOLE-- [fill = 0]
                  20014e08    0000000c     simplelink.a : cc_pal.obj (.text:NwpMaskInterrupt)
                  20014e14    0000000c                  : cc_pal.obj (.text:NwpUnMaskInterrupt)
                  20014e20    0000000c     rtsv7M4_T_le_eabi.lib : copy_zero_init.obj (.text:decompress:ZI)
                  20014e2c    0000000c     simplelink.a : wlan.obj (.text:sl_WlanSmartConfigStop)
                  20014e38    0000000a     driverlib.a : interrupt.obj (.text:IntMasterEnable)
                  20014e42    00000008     rtsv7M4_T_le_eabi.lib : bzero.obj (.text)
                  20014e4a    00000006     driverlib.a : utils.obj (.text:UtilsDelay)
                  20014e50    00000006     rtsv7M4_T_le_eabi.lib : copy_decompress_rle.obj (.text:decompress:rle24)
                  20014e56    00000006                           : log.obj (.text)
                  20014e5c    00000004                           : pre_init.obj (.text)

.const     0    20014e60    00000828     
                  20014e60    00000101     rtsv7M4_T_le_eabi.lib : ctype.obj (.const:.string:_ctypes_)
                  20014f61    00000003     --HOLE-- [fill = 0]
                  20014f64    00000100     driverlib.a : pin.obj (.const:g_ulPinToPadMap)
                  20015064    000000d4                 : interrupt.obj (.const:g_pulRegs)
                  20015138    000000a8                 : prcm.obj (.const:PRCM_PeriphRegsList)
                  200151e0    00000098     rtsv7M4_T_le_eabi.lib : strtod.obj (.const)
                  20015278    00000098                           : strtold.obj (.const)
                  20015310    00000080     driverlib.a : interrupt.obj (.const)
                  20015390    0000004a     main.obj (.const:.string)
                  200153da    00000006     --HOLE-- [fill = 0]
                  200153e0    00000048     rtsv7M4_T_le_eabi.lib : xexp.obj (.const)
                  20015428    0000003c     simplelink.a : driver.obj (.const:OpcodeTranslateTable)
                  20015464    0000003c                  : wlan.obj (.const)
                  200154a0    00000038                  : driver.obj (.const:_SlActionLookupTable)
                  200154d8    00000038     rtsv7M4_T_le_eabi.lib : xlog.obj (.const:p)
                  20015510    00000038     simplelink.a : fs.obj (.const)
                  20015548    00000034                  : driver.obj (.const)
                  2001557c    00000034                  : socket.obj (.const)
                  200155b0    00000030     rtsv7M4_T_le_eabi.lib : xdint.obj (.const)
                  200155e0    00000028     simplelink.a : netapp.obj (.const)
                  20015608    00000023     smartconfig.obj (.const:.string)
                  2001562b    00000001     --HOLE-- [fill = 0]
                  2001562c    00000018     driverlib.a : spi.obj (.const)
                  20015644    00000014     simplelink.a : device.obj (.const)
                  20015658    00000010                  : socket.obj (.const:.string)
                  20015668    00000010     rtsv7M4_T_le_eabi.lib : _scanfi.obj (.const)
                  20015678    00000008     simplelink.a : device.obj (.const:.string)
                  20015680    00000008                  : netcfg.obj (.const)

.cinit     0    20015688    00000160     
                  20015688    00000139     (.cinit..data.load) [load image, compression = rle]
                  200157c1    00000003     --HOLE-- [fill = 0]
                  200157c4    0000000c     (__TI_handler_table)
                  200157d0    00000008     (.cinit..bss.load) [load image, compression = zero_init]
                  200157d8    00000010     (__TI_cinit_table)

.sysmem    0    20017000    00004000     UNINITIALIZED
                  20017000    00000008     rtsv7M4_T_le_eabi.lib : memory.obj (.sysmem)
                  20017008    00003ff8     --HOLE--

.bss       0    2001b000    00001efc     UNINITIALIZED
                  2001b000    00001918     exosite_http.obj (.bss:exoHttpContextQueue)
                  2001c918    00000178     simplelink.a : driver.obj (.bss:g_StatMem)
                  2001ca90    00000120     rtsv7M4_T_le_eabi.lib : trgmsg.obj (.bss:__CIOBUF_)
                  2001cbb0    000000c8     free_rtos.a : tasks.obj (.bss:pxReadyTasksLists)
                  2001cc78    000000a0     rtsv7M4_T_le_eabi.lib : defs.obj (.bss:__TI_tmpnams)
                  2001cd18    00000080     exosite_http.obj (.bss:recDateTime)
                  2001cd98    00000050     simplelink.a : cc_pal.obj (.bss:g_ucDinDout)
                  2001cde8    00000050     free_rtos.a : queue.obj (.bss:xQueueRegistry)
                  2001ce38    00000024     main.obj (.bss:g_ucConnectionSSID)
                  2001ce5c    00000014     (.common:xDelayedTaskList1)
                  2001ce70    00000014     (.common:xDelayedTaskList2)
                  2001ce84    00000014     (.common:xPendingReadyList)
                  2001ce98    00000014     (.common:xSuspendedTaskList)
                  2001ceac    00000014     (.common:xTasksWaitingTermination)
                  2001cec0    00000008     (.common:g_ucConnectionBSSID)
                  2001cec8    00000008     (.common:parmbuf)
                  2001ced0    00000004     (.common:DMAMsgQ)
                  2001ced4    00000004     (.common:__Errorlog)
                  2001ced8    00000004     (.common:g_accTotalAvg)
                  2001cedc    00000004     (.common:g_accXAvg)
                  2001cee0    00000004     (.common:g_accYAvg)
                  2001cee4    00000004     (.common:g_accZAvg)
                  2001cee8    00000004     (.common:g_cDummy)
                  2001ceec    00000004     (.common:msTimer)
                  2001cef0    00000004     (.common:pxDelayedTaskList)
                  2001cef4    00000004     (.common:pxOverflowDelayedTaskList)
                  2001cef8    00000001     (.common:RxIrqCnt)
                  2001cef9    00000001     (.common:g_ucLED1Pin)
                  2001cefa    00000001     (.common:g_ucLED2Pin)
                  2001cefb    00000001     (.common:g_ucLED3Pin)

.TI.noinit 
*          0    2001b000    00000000     UNINITIALIZED

.data      0    2001cf00    0000048c     UNINITIALIZED
                  2001cf00    000000f0     rtsv7M4_T_le_eabi.lib : defs.obj (.data:_ftable)
                  2001cff0    000000d0                           : lowlev.obj (.data)
                  2001d0c0    000000b0                           : signal.obj (.data:sigtable)
                  2001d170    00000080                           : xvalues.obj (.data)
                  2001d1f0    00000068     main.obj (.data)
                  2001d258    00000068     rtsv7M4_T_le_eabi.lib : xfvalues.obj (.data)
                  2001d2c0    00000034     free_rtos.a : tasks.obj (.data)
                  2001d2f4    00000020     gpio_if.obj (.data)
                  2001d314    00000010     rtsv7M4_T_le_eabi.lib : defs.obj (.data)
                  2001d324    0000000c     free_rtos.a : osi_freertos.obj (.data)
                  2001d330    0000000c     rtsv7M4_T_le_eabi.lib : memory.obj (.data)
                  2001d33c    00000009     simplelink.a : cc_pal.obj (.data)
                  2001d345    00000003     --HOLE--
                  2001d348    00000009                  : driver.obj (.data)
                  2001d351    00000003     --HOLE--
                  2001d354    00000008     device_status.obj (.data)
                  2001d35c    00000008     rtsv7M4_T_le_eabi.lib : _lock.obj (.data)
                  2001d364    00000008                           : exit.obj (.data)
                  2001d36c    00000008                           : feraiseexcept.obj (.data)
                  2001d374    00000004     exosite_pal_cc3200.obj (.data)
                  2001d378    00000004     free_rtos.a : port.obj (.data)
                  2001d37c    00000004     rtsv7M4_T_le_eabi.lib : errno.obj (.data)
                  2001d380    00000004                           : fopen.obj (.data)
                  2001d384    00000004                           : stkdepth_vars.obj (.data)
                  2001d388    00000004                           : strtok.obj (.data)

.TI.persistent 
*          0    2001cf00    00000000     UNINITIALIZED

.stack     0    2002c000    00004000     UNINITIALIZED
                  2002c000    00004000     --HOLE--


LINKER GENERATED COPY TABLES

__TI_cinit_table @ 200157d8 records: 2, size/record: 8, table size: 16
	.data: load addr=20015688, load size=00000139 bytes, run addr=2001cf00, run size=0000048c bytes, compression=rle
	.bss: load addr=200157d0, load size=00000008 bytes, run addr=2001b000, run size=00001efc bytes, compression=zero_init


LINKER GENERATED HANDLER TABLE

__TI_handler_table @ 200157c4 records: 3, size/record: 4, table size: 12
	index: 0, handler: __TI_decompress_rle24
	index: 1, handler: __TI_decompress_none
	index: 2, handler: __TI_zero_init


GLOBAL SYMBOLS: SORTED ALPHABETICALLY BY Name 

address   name                               
-------   ----                               
2000505d  AccSample                          
2000e849  BMA222Close                        
2000e827  BMA222Open                         
2000e84d  BMA222Read                         
2000e8c9  BMA222ReadNew                      
2000e7f1  BlockRead                          
20013ef9  C$$EXIT                            
2001343f  C$$IO$$                            
20014d21  CPUcpsie                           
2000daa5  ClearTerm                          
20004dc9  ConnectToNetwork                   
20011c05  ConnectionTest                     
20014041  CopyPingResultsToReport            
2001ced0  DMAMsgQ                            
200145d9  DmaSpiSwIntHandler                 
2000daaf  Error                              
200142c1  GPIODirModeSet                     
20014d35  GPIOIntClear                       
20014aad  GPIOIntDisable                     
20014ac7  GPIOIntEnable                      
2001485d  GPIOIntStatus                      
20012c31  GPIOIntTypeSet                     
20014b63  GPIOPinRead                        
20014929  GPIOPinWrite                       
2000ce3d  GPIO_IF_ConfigureNIntEnable        
2000ceb9  GPIO_IF_Get                        
2000cdf7  GPIO_IF_GetPortNPin                
2000cbb9  GPIO_IF_LedConfigure               
2000ccab  GPIO_IF_LedOff                     
2000cbf7  GPIO_IF_LedOn                      
2000cd5f  GPIO_IF_LedStatus                  
2000cdc9  GPIO_IF_LedToggle                  
2000ce7f  GPIO_IF_Set                        
2000543d  GPIOs3IntHandler                   
2000dae7  GetCmd                             
2000e78d  GetRegisterValue                   
2000d78d  HOSTclock                          
2000d755  HOSTclose                          
2000d717  HOSTgetenv                         
2000d6bb  HOSTlseek                          
2000d669  HOSTopen                           
2000d61d  HOSTread                           
2000d5bf  HOSTrename                         
2000d585  HOSTtime                           
2000d54d  HOSTunlink                         
2000d501  HOSTwrite                          
20014d99  I2CMasterControl                   
20014dcf  I2CMasterDataGet                   
20014c9d  I2CMasterDataPut                   
20014cb3  I2CMasterEnable                    
20014605  I2CMasterErr                       
20012b29  I2CMasterInitExpClk                
20014dab  I2CMasterIntClearEx                
200149a9  I2CMasterIntStatusEx               
2001487f  I2CMasterSlaveAddrSet              
20014dbd  I2CMasterTimeoutSet                
2000da4d  I2C_IF_Close                       
2000da05  I2C_IF_Open                        
2000d8ff  I2C_IF_Read                        
2000d9bb  I2C_IF_ReadFrom                    
2000d849  I2C_IF_Write                       
2000da65  InitTerm                           
20011d51  IntDisable                         
20011df9  IntEnable                          
20014e39  IntMasterEnable                    
20013859  IntPendClear                       
20013961  IntPrioritySet                     
20014949  IntRegister                        
200147a9  IntUnregister                      
20014d49  IntVTableBaseSet                   
2000da83  Message                            
20014e09  NwpMaskInterrupt                   
200141a9  NwpPowerOff                        
20014631  NwpPowerOn                         
20012bad  NwpPowerOnPreamble                 
20014781  NwpRegisterInterruptHandler        
20014e15  NwpUnMaskInterrupt                 
20015428  OpcodeTranslateTable               
2000fc41  PRCMCC3200MCUInit                  
20014cc9  PRCMHIBRegRead                     
20014cdf  PRCMHIBRegWrite                    
20014709  PRCMPeripheralClkDisable           
2001407d  PRCMPeripheralClkEnable            
200122e9  PRCMPeripheralClockGet             
200138b1  PRCMPeripheralReset                
200142f9  PRCMPeripheralStatusGet            
2001465d  PRCMSysResetCauseGet               
20012885  PinConfigSet                       
20013f81  PinModeSet                         
2001310d  PinMuxConfig                       
200143fd  PinTypeGPIO                        
20014a03  PinTypeI2C                         
20014ae1  PinTypeUART                        
200044c5  ReadAccSensor                      
2000dc35  Report                             
20014df9  ResetISR                           
2001cef8  RxIrqCnt                           
20015558  RxMsgClassLUT                      
UNDEFED   SHT$$INIT_ARRAY$$Base              
UNDEFED   SHT$$INIT_ARRAY$$Limit             
20014b7b  SPICSDisable                       
20014b93  SPICSEnable                        
20011f49  SPIConfigSetExpClk                 
20014bab  SPIDisable                         
20014afb  SPIDmaDisable                      
20014b15  SPIDmaEnable                       
20014bc3  SPIEnable                          
20014b2f  SPIFIFODisable                     
20014b49  SPIFIFOEnable                      
2001432d  SPIFIFOLevelSet                    
20013d09  SPIIntClear                        
20013aa9  SPIIntEnable                       
200148a1  SPIReset                           
200148c3  SPIWordCountSet                    
200050d9  SetAccAvg                          
2000e7b7  SetRegisterValue                   
20004b9d  SimpleLinkGeneralEventHandler      
200049cf  SimpleLinkHttpServerCallback       
200046f5  SimpleLinkNetAppEventHandler       
20011bed  SimpleLinkPingReport               
20004bc5  SimpleLinkSockEventHandler         
2000459d  SimpleLinkWlanEventHandler         
20011465  SmartConfigConnect                 
200114cf  SmartConfigStop                    
20015678  StartResponseLUT                   
2000c637  TMP006DrvGetTemp                   
2000c3d5  TMP006DrvOpen                      
2000db9d  TrimSpace                          
20014a1f  UARTCharGetNonBlocking             
200149c7  UARTCharPut                        
20014bdb  UARTCharsAvail                     
20013095  UARTConfigSetExpClk                
2001442d  UARTDisable                        
200147cd  UARTEnable                         
20014e4b  UtilsDelay                         
2000c201  VDeleteSimpleLinkSpawnTask         
2000c1b1  VStartSimpleLinkSpawnTask          
200146df  _Dclass                            
2001d170  _Denorm                            
20011781  _Dint                              
20011841  _Dnorm                             
20010455  _Dscale                            
20013549  _Dunscale                          
2001d180  _Eps                               
2001d37c  _Errno                             
2000e39d  _Exp                               
2001d258  _FDenorm                           
2001d268  _FEps                              
2001d278  _FInf                              
2001d288  _FNan                              
2001d2a8  _FRteps                            
2001d298  _FSnan                             
2001d2b8  _FXbig                             
2001d2bc  _FZero                             
2001d36c  _Fenv                              
200144ed  _Feraise                           
2001d190  _Hugeval                           
2001d1a0  _Inf                               
2000d21d  _Log                               
2001d1b0  _Nan                               
2001d1d0  _Rteps                             
20015590  _SlAcceptCmdCtrl                   
200154a0  _SlActionLookupTable               
20011b35  _SlAsyncEventGenericHandler        
20015650  _SlDeviceGetCmdCtrl                
20015654  _SlDeviceSetCmdCtrl                
20013d51  _SlDrvBasicCmd                     
200111ed  _SlDrvClassifyRxMsg                
20012cb5  _SlDrvCmdOp                        
20013265  _SlDrvCmdSend                      
20010109  _SlDrvDataReadOp                   
20010775  _SlDrvDataWriteOp                  
2001445d  _SlDrvDeviceEventHandler           
20010c71  _SlDrvDriverCBDeinit               
2000f405  _SlDrvDriverCBInit                 
20014cf5  _SlDrvMemZero                      
2000b4cd  _SlDrvMsgRead                      
20011901  _SlDrvMsgReadCmdCtx                
20011fe9  _SlDrvMsgReadSpawnCtx              
2000ed2d  _SlDrvMsgWrite                     
2001097d  _SlDrvNetAppEventHandler           
20014a3b  _SlDrvObjLockWaitForever           
20014bf3  _SlDrvObjUnLock                    
20013af5  _SlDrvProtectAsyncRespSetting      
200147f1  _SlDrvProtectionObjLockWaitForever 
20014969  _SlDrvProtectionObjUnLock          
2000eb5d  _SlDrvReleasePoolObj               
20014ddd  _SlDrvResetCmdExt                  
2000dcf5  _SlDrvRxHdrRead                    
20013b41  _SlDrvRxIrqHandler                 
20014c0b  _SlDrvSyncObjSignal                
20014a57  _SlDrvSyncObjWaitForever           
2000f275  _SlDrvWaitForPoolObj               
2001564c  _SlEventMaskGetCmdCtrl             
20015648  _SlEventMaskSetCmdCtrl             
2000f579  _SlFindAndSetActiveObj             
20015514  _SlFsCloseCmdCtrl                  
20015524  _SlFsDeleteCmdCtrl                 
20015520  _SlFsGetInfoCmdCtrl                
20015510  _SlFsOpenCmdCtrl                   
20015518  _SlFsReadCmdCtrl                   
2001551c  _SlFsWriteCmdCtrl                  
200155f4  _SlGetHostByNameCtrl               
200155f0  _SlGetHostByServiceCtrl            
200155e8  _SlGetServiceListeCtrl             
2001559c  _SlGetSockOptCmdCtrl               
2001558c  _SlListenCmdCtrl                   
20015600  _SlNetAppGetCmdCtrl                
200155fc  _SlNetAppSendTokenValueCmdCtrl     
200155f8  _SlNetAppSetCmdCtrl                
200155e0  _SlNetAppStartCtrl                 
200155e4  _SlNetAppStopCtrl                  
20015684  _SlNetCfgGetCmdCtrl                
20015680  _SlNetCfgSetCmdCtrl                
20015658  _SlPayloadByProtocolLUT            
20015468  _SlPolicyGetCmdCtrl                
20015464  _SlPolicySetCmdCtrl                
20015470  _SlProfileDelCmdCtrl               
2001546c  _SlProfileGetCmdCtrl               
20015594  _SlRecvCmdCtrl                     
20015584  _SlRecvfomCmdCtrl                  
200155ec  _SlRegisterServiceCtrl             
200116c1  _SlRemoveFromList                  
20015478  _SlRxFilterAddtCmdCtrl             
20015480  _SlRxFilterGetCmdCtrl              
2001547c  _SlRxFilterSetCmdCtrl              
200155a0  _SlSelectCmdCtrl                   
20015588  _SlSendCmdCtrl                     
20015598  _SlSetSockOptCmdCtrl               
20015484  _SlSmartConfigStartCmdCtrl         
20015580  _SlSockCloseCmdCtrl                
2001557c  _SlSockSocketCmdCtrl               
20015644  _SlStopCmdCtrl                     
20015490  _SlWlanCfgGetCmdCtrl               
2001548c  _SlWlanCfgSetCmdCtrl               
20015474  _SlWlanGetNetworkListCtrl          
20015488  _SlWlanSetModeCmdCtrl              
2001d1c0  _Snan                              
2001d370  _Tls_setup__Fenv                   
2001d1e0  _Xbig                              
2001d1e8  _Zero                              
2001ca90  __CIOBUF_                          
20030000  __STACK_END                        
00004000  __STACK_SIZE                       
00004000  __SYSMEM_SIZE                      
200157d8  __TI_CINIT_Base                    
200157e8  __TI_CINIT_Limit                   
200157c4  __TI_Handler_Table_Base            
200157d0  __TI_Handler_Table_Limit           
200132d1  __TI_auto_init                     
2000efc1  __TI_cleanup                       
2001d364  __TI_cleanup_ptr                   
200121b9  __TI_closefile                     
20014deb  __TI_decompress_none               
20014e51  __TI_decompress_rle24              
200115f9  __TI_doflush                       
2001d368  __TI_dtors_ptr                     
2001d314  __TI_ft_end                        
2000787d  __TI_printfi                       
20011d07  __TI_rd_ok                         
20013443  __TI_readmsg                       
2000b01d  __TI_scanfi                        
20015688  __TI_static_base__                 
2001cc78  __TI_tmpnams                       
20013411  __TI_writemsg                      
20011ca5  __TI_wrt_ok                        
20014e21  __TI_zero_init                     
20012a1d  __aeabi_cdcmpeq                    
20012a1d  __aeabi_cdcmple                    
20012aa3  __aeabi_cdrcmple                   
20013cbd  __aeabi_d2f                        
20013d99  __aeabi_d2iz                       
2000f0c7  __aeabi_dadd                       
2000fb09  __aeabi_ddiv                       
20010a7b  __aeabi_dmul                       
2000f0bd  __aeabi_dsub                       
20014219  __aeabi_f2d                        
20014251  __aeabi_f2iz                       
20014395  __aeabi_f2uiz                      
20010b7b  __aeabi_fadd                       
200124a5  __aeabi_fdiv                       
20010b77  __aeabi_fsub                       
2001457d  __aeabi_i2d                        
20014289  __aeabi_i2f                        
20013de1  __aeabi_l2f                        
20014c55  __aeabi_lmul                       
20012eb1  __aeabi_memclr                     
20012eb1  __aeabi_memclr4                    
20012eb1  __aeabi_memclr8                    
20012085  __aeabi_memcpy                     
20012085  __aeabi_memcpy4                    
20012085  __aeabi_memcpy8                    
20012eb3  __aeabi_memset                     
20012eb3  __aeabi_memset4                    
20012eb3  __aeabi_memset8                    
2001d320  __aeabi_stderr                     
2001d318  __aeabi_stdin                      
2001d31c  __aeabi_stdout                     
2000e599  __aeabi_uldivmod                   
ffffffff  __binit__                          
ffffffff  __c_args__                         
2002c000  __stack                            
2001468b  _abort_msg                         
20014c3d  _args_main                         
200146a1  _assert                            
200140f5  _c_int00                           
20014e60  _ctypes_                           
2001cf00  _ftable                            
2001d35c  _lock                              
20014689  _nassert                           
20014d6b  _nop                               
20014d63  _register_lock                     
20014d5d  _register_unlock                   
20013b8d  _sl_BuildAddress                   
20012121  _sl_GetCreateFsMode                
20014c25  _sl_GetStartResponseConvert        
200136dd  _sl_HandleAsync_Accept             
20012f2d  _sl_HandleAsync_Connect            
200126e1  _sl_HandleAsync_DnsGetHostByName   
20011531  _sl_HandleAsync_DnsGetHostByService
20012e35  _sl_HandleAsync_InitComplete       
2001276d  _sl_HandleAsync_PingResponse       
200139b5  _sl_HandleAsync_Select             
20013a09  _sl_HandleAsync_Stop               
200133a9  _sl_NetAppSendTokenValue           
2001448d  _sl_Strlen                         
200140b9  _sl_TruncatePayloadByProtocol      
20017000  _sys_memory                        
20014e5d  _system_pre_init                   
2001d360  _unlock                            
20013efd  abort                              
2000d171  add_device                         
20013bd9  atoi                               
ffffffff  binit                              
20008a4d  build_msg_activate                 
20008f8d  build_msg_get_content              
20008f35  build_msg_get_content_info         
20008edb  build_msg_list_content             
20008dd3  build_msg_long_polling             
20008b6f  build_msg_read                     
20008d3b  build_msg_write                    
20014e43  bzero                              
2000cb49  calloc                             
2000d121  close                              
20008ae7  convert_data_ports_to_read_string  
20008be9  convert_data_ports_to_write_string 
20013c25  copy_in                            
20005b15  eTaskGetState                      
20013f05  exit                               
20007d9f  exo_download_get_content           
20007c91  exo_download_get_content_info      
20007b85  exo_download_list_content          
20007ed7  exo_init                           
20007f55  exo_loop_start                     
2000849d  exo_read                           
20008561  exo_subscribe                      
200083c9  exo_write                          
2000a5e1  exosite_pal_get_current_date_time  
2000a2a5  exosite_pal_init                   
2000a401  exosite_pal_load_cik               
2000a4e9  exosite_pal_remove_cik             
2000a481  exosite_pal_save_cik               
2000a3ed  exosite_pal_sock_close             
2000a2e3  exosite_pal_sock_connect           
2000a36d  exosite_pal_sock_is_connected      
2000a379  exosite_pal_sock_read              
2000a3bd  exosite_pal_sock_write             
2000a529  exosite_pal_timer_countdown        
2000a511  exosite_pal_timer_countdown_ms     
2000a4f5  exosite_pal_timer_expired          
2000a579  exosite_pal_timer_init             
2000a547  exosite_pal_timer_left_ms          
2001221f  fclose                             
20014361  feraiseexcept                      
20011645  fflush                             
2000f017  fopen                              
20012251  fputc                              
2000fd75  fputs                              
2000c897  free                               
2000efed  freopen                            
200148e5  frexp                              
200135b1  fseek                              
2001d350  gFirstCmdMode                      
20015550  g_H2NCnysPattern                   
20015548  g_H2NSyncPattern                   
2001d33c  g_SpiFd                            
2001c918  g_StatMem                          
2001cee8  g_cDummy                           
2001d348  g_pCB                              
2001d340  g_pHostIntHdl                      
20004000  g_pfnVectors                       
2001d344  g_ucDMAEnabled                     
2001cd98  g_ucDinDout                        
2001cef9  g_ucLED1Pin                        
2001cefa  g_ucLED2Pin                        
2001cefb  g_ucLED3Pin                        
2001d308  g_uiLED1Port                       
2001d30c  g_uiLED2Port                       
2001d310  g_uiLED3Port                       
2001d358  g_uiPingDone                       
2001d354  g_uiPingPacketsRecv                
20013e29  ldexp                              
20014e57  log                                
2000d0fd  lseek                              
20013909  ltoa                               
2000563d  main                               
2001d384  main_func_sp                       
2000c82f  malloc                             
2000c305  mem_Free                           
2000c2f9  mem_Malloc                         
2000c325  mem_copy                           
2000c311  mem_set                            
2000ca65  memalign                           
20014a73  memccpy                            
20014989  memchr                             
20014907  memcmp                             
20012085  memcpy                             
20014815  memmove                            
20012eb9  memset                             
2000c7a1  minit                              
2000d04f  open                               
2000c37b  osi_ContextRestore                 
2000c379  osi_ContextSave                    
2000c339  osi_EnterCritical                  
2000c343  osi_ExitCritical                   
2000bf5f  osi_InterruptDeRegister            
2000bf39  osi_InterruptRegister              
2000c069  osi_LockObjCreate                  
2000c0dd  osi_LockObjDelete                  
2000c0ed  osi_LockObjLock                    
2000c119  osi_LockObjUnlock                  
2000c22d  osi_MsgQCreate                     
2000c271  osi_MsgQDelete                     
2000c2bd  osi_MsgQRead                       
2000c28b  osi_MsgQWrite                      
2000c355  osi_Sleep                          
2000c143  osi_Spawn                          
2000c047  osi_SyncObjClear                   
2000bf71  osi_SyncObjCreate                  
2000bfa1  osi_SyncObjDelete                  
2000bfbb  osi_SyncObjSignal                  
2000bfe3  osi_SyncObjSignalFromISR           
2000c01b  osi_SyncObjWait                    
2000c08f  osi_TaskCreate                     
2000c0cf  osi_TaskDelete                     
2000c365  osi_TaskDisable                    
2000c36f  osi_TaskEnable                     
2000c34d  osi_start                          
2001d34c  pPingCallBackFunc                  
20009245  parse_cik_info                     
200093f3  parse_content                      
20009375  parse_content_info                 
200092e1  parse_content_list                 
200090a7  parse_msg_read                     
20009175  parse_rsp_status                   
20006039  pcTaskGetTaskName                  
20011b2d  portCLZ                            
2000bab9  pow                                
200131fd  printf                             
20011b15  prvPortStartFirstTask              
20012251  putc                               
200122d5  putchar                            
2000fe81  puts                               
200141e1  pvPortMalloc                       
2001d2c0  pxCurrentTCB                       
20010345  pxPortInitialiseStack              
200145ab  raise                              
2000d02b  read                               
2000538d  read_callback                      
2000c959  realloc                            
2000cfa1  remove                             
2000d003  remove_device                      
2000cfc5  rename                             
20011035  setvbuf                            
20013fc1  signal                             
2001451d  sl_Close                           
20010565  sl_Connect                         
20013479  sl_DevSet                          
20012995  sl_FsClose                         
20013a59  sl_FsDel                           
20012fa5  sl_FsOpen                          
20010d65  sl_FsRead                          
20010f49  sl_FsWrite                         
20013f3d  sl_Htonl                           
20014131  sl_Htons                           
20010879  sl_NetAppDnsGetHostByName          
2000f855  sl_NetAppPingStart                 
20014731  sl_NetAppStart                     
20014759  sl_NetAppStop                      
20011ea1  sl_NetCfgGet                       
20013181  sl_Recv                            
2001066d  sl_Send                            
200134e1  sl_SetSockOpt                      
200137fd  sl_Socket                          
200119bd  sl_Start                           
200112c5  sl_Stop                            
20012411  sl_WlanGet                         
2001379d  sl_WlanPolicySet                   
2001454d  sl_WlanSetMode                     
20012539  sl_WlanSmartConfigStart            
20014e2d  sl_WlanSmartConfigStop             
2001237d  snprintf                           
2001301d  spi_Close                          
2000f9bd  spi_Open                           
20011111  spi_Read                           
200127f9  spi_Write                          
2001373d  sprintf                            
200113ab  sscanf                             
20014d0b  strchr                             
20014c6d  strcmp                             
20014d71  strcpy                             
20014839  strcspn                            
20014d85  strlen                             
200144bd  strncpy                            
20014c85  strrchr                            
200146b5  strspn                             
200143c9  strstr                             
2000df3d  strtod                             
20014001  strtok                             
2000fea9  strtol                             
2000e175  strtold                            
2000e979  strtoll                            
20010231  strtoul                            
2000f6e9  strtoull                           
20013c71  uDMAChannelAssign                  
20013615  uDMAChannelAttributeDisable        
20013679  uDMAChannelAttributeEnable         
2001416d  uDMAChannelControlSet              
20014a91  uDMAChannelEnable                  
20010e59  uDMAChannelTransferSet             
20009f01  ucQueueGetQueueType                
20011a7d  ulPortSetInterruptMask             
2000cfa1  unlink                             
200100bf  uxListRemove                       
20009ee1  uxQueueGetQueueNumber              
20009e75  uxQueueMessagesWaiting             
20009eab  uxQueueMessagesWaitingFromISR      
20009e8b  uxQueueSpacesAvailable             
2000602d  uxTaskGetNumberOfTasks             
2000605d  uxTaskGetSystemState               
2000654d  uxTaskGetTaskNumber                
20005ba9  uxTaskPriorityGet                  
20006aa5  uxTaskResetEventItemValue          
2000440d  vApplicationIdleHook               
20004419  vApplicationMallocFailedHook       
2000440f  vApplicationStackOverflowHook      
20004401  vApplicationTickHook               
20004403  vAssertCalled                      
2000ffdd  vListInitialise                    
2001000d  vListInitialiseItem                
20010059  vListInsert                        
2001001d  vListInsertEnd                     
20011a93  vPortClearInterruptMask            
200103c1  vPortEndScheduler                  
200103d5  vPortEnterCritical                 
200103ed  vPortExitCritical                  
20014201  vPortFree                          
20011aed  vPortSVCHandler                    
20010421  vPortSetupTimerInterrupt           
200103c3  vPortYield                         
2000a11b  vQueueAddToRegistry                
20009ebd  vQueueDelete                       
20009eef  vQueueSetQueueNumber               
2000a15d  vQueueUnregisterQueue              
20005abf  vTaskDelay                         
20005a23  vTaskDelayUntil                    
20005993  vTaskDelete                        
20005f11  vTaskEndScheduler                  
2000653f  vTaskMissedYield                   
200062d5  vTaskPlaceOnEventList              
20006339  vTaskPlaceOnUnorderedEventList     
20006a1b  vTaskPriorityDisinherit            
20006961  vTaskPriorityInherit               
20005be1  vTaskPrioritySet                   
20005dd9  vTaskResume                        
2000656d  vTaskSetTaskNumber                 
2000649f  vTaskSetTimeOutState               
20005ec7  vTaskStartScheduler                
20005ce5  vTaskSuspend                       
20005f23  vTaskSuspendAll                    
20006255  vTaskSwitchContext                 
2001290d  vsnprintf                          
20011399  vsscanf                            
2000cf11  write                              
20005359  write_callback                     
2001d324  xHigherPriorityTaskWoken           
20011aa1  xPortPendSVHandler                 
20010395  xPortStartScheduler                
20010405  xPortSysTickHandler                
2000a1ab  xQueueAddToSet                     
20009add  xQueueAltGenericReceive            
20009a31  xQueueAltGenericSend               
20009905  xQueueCreateCountingSemaphore      
20009887  xQueueCreateMutex                  
2000a197  xQueueCreateSet                    
20009811  xQueueGenericCreate                
20009c77  xQueueGenericReceive               
20009781  xQueueGenericReset                 
20009925  xQueueGenericSend                  
20009bdb  xQueueGenericSendFromISR           
2000a0b7  xQueueIsQueueEmptyFromISR          
2000a0f9  xQueueIsQueueFullFromISR           
20009e31  xQueuePeekFromISR                  
20009db9  xQueueReceiveFromISR               
2001cde8  xQueueRegistry                     
2000a1df  xQueueRemoveFromSet                
2000a221  xQueueSelectFromSet                
2000a23b  xQueueSelectFromSetFromISR         
2001d328  xSimpleLinkSpawnQueue              
2001d32c  xSimpleLinkSpawnTaskHndl           
200064c5  xTaskCheckForTimeOut               
20005885  xTaskGenericCreate                 
20006915  xTaskGetCurrentTaskHandle          
2000611b  xTaskGetIdleTaskHandle             
20006929  xTaskGetSchedulerState             
20006001  xTaskGetTickCount                  
20006015  xTaskGetTickCountFromISR           
20006139  xTaskIncrementTick                 
200063a9  xTaskRemoveFromEventList           
20006431  xTaskRemoveFromUnorderedEventList  
20005f35  xTaskResumeAll                     
20005e4d  xTaskResumeFromISR                 


GLOBAL SYMBOLS: SORTED BY Symbol Address 

address   name                               
-------   ----                               
00004000  __STACK_SIZE                       
00004000  __SYSMEM_SIZE                      
20004000  g_pfnVectors                       
20004401  vApplicationTickHook               
20004403  vAssertCalled                      
2000440d  vApplicationIdleHook               
2000440f  vApplicationStackOverflowHook      
20004419  vApplicationMallocFailedHook       
200044c5  ReadAccSensor                      
2000459d  SimpleLinkWlanEventHandler         
200046f5  SimpleLinkNetAppEventHandler       
200049cf  SimpleLinkHttpServerCallback       
20004b9d  SimpleLinkGeneralEventHandler      
20004bc5  SimpleLinkSockEventHandler         
20004dc9  ConnectToNetwork                   
2000505d  AccSample                          
200050d9  SetAccAvg                          
20005359  write_callback                     
2000538d  read_callback                      
2000543d  GPIOs3IntHandler                   
2000563d  main                               
20005885  xTaskGenericCreate                 
20005993  vTaskDelete                        
20005a23  vTaskDelayUntil                    
20005abf  vTaskDelay                         
20005b15  eTaskGetState                      
20005ba9  uxTaskPriorityGet                  
20005be1  vTaskPrioritySet                   
20005ce5  vTaskSuspend                       
20005dd9  vTaskResume                        
20005e4d  xTaskResumeFromISR                 
20005ec7  vTaskStartScheduler                
20005f11  vTaskEndScheduler                  
20005f23  vTaskSuspendAll                    
20005f35  xTaskResumeAll                     
20006001  xTaskGetTickCount                  
20006015  xTaskGetTickCountFromISR           
2000602d  uxTaskGetNumberOfTasks             
20006039  pcTaskGetTaskName                  
2000605d  uxTaskGetSystemState               
2000611b  xTaskGetIdleTaskHandle             
20006139  xTaskIncrementTick                 
20006255  vTaskSwitchContext                 
200062d5  vTaskPlaceOnEventList              
20006339  vTaskPlaceOnUnorderedEventList     
200063a9  xTaskRemoveFromEventList           
20006431  xTaskRemoveFromUnorderedEventList  
2000649f  vTaskSetTimeOutState               
200064c5  xTaskCheckForTimeOut               
2000653f  vTaskMissedYield                   
2000654d  uxTaskGetTaskNumber                
2000656d  vTaskSetTaskNumber                 
20006915  xTaskGetCurrentTaskHandle          
20006929  xTaskGetSchedulerState             
20006961  vTaskPriorityInherit               
20006a1b  vTaskPriorityDisinherit            
20006aa5  uxTaskResetEventItemValue          
2000787d  __TI_printfi                       
20007b85  exo_download_list_content          
20007c91  exo_download_get_content_info      
20007d9f  exo_download_get_content           
20007ed7  exo_init                           
20007f55  exo_loop_start                     
200083c9  exo_write                          
2000849d  exo_read                           
20008561  exo_subscribe                      
20008a4d  build_msg_activate                 
20008ae7  convert_data_ports_to_read_string  
20008b6f  build_msg_read                     
20008be9  convert_data_ports_to_write_string 
20008d3b  build_msg_write                    
20008dd3  build_msg_long_polling             
20008edb  build_msg_list_content             
20008f35  build_msg_get_content_info         
20008f8d  build_msg_get_content              
200090a7  parse_msg_read                     
20009175  parse_rsp_status                   
20009245  parse_cik_info                     
200092e1  parse_content_list                 
20009375  parse_content_info                 
200093f3  parse_content                      
20009781  xQueueGenericReset                 
20009811  xQueueGenericCreate                
20009887  xQueueCreateMutex                  
20009905  xQueueCreateCountingSemaphore      
20009925  xQueueGenericSend                  
20009a31  xQueueAltGenericSend               
20009add  xQueueAltGenericReceive            
20009bdb  xQueueGenericSendFromISR           
20009c77  xQueueGenericReceive               
20009db9  xQueueReceiveFromISR               
20009e31  xQueuePeekFromISR                  
20009e75  uxQueueMessagesWaiting             
20009e8b  uxQueueSpacesAvailable             
20009eab  uxQueueMessagesWaitingFromISR      
20009ebd  vQueueDelete                       
20009ee1  uxQueueGetQueueNumber              
20009eef  vQueueSetQueueNumber               
20009f01  ucQueueGetQueueType                
2000a0b7  xQueueIsQueueEmptyFromISR          
2000a0f9  xQueueIsQueueFullFromISR           
2000a11b  vQueueAddToRegistry                
2000a15d  vQueueUnregisterQueue              
2000a197  xQueueCreateSet                    
2000a1ab  xQueueAddToSet                     
2000a1df  xQueueRemoveFromSet                
2000a221  xQueueSelectFromSet                
2000a23b  xQueueSelectFromSetFromISR         
2000a2a5  exosite_pal_init                   
2000a2e3  exosite_pal_sock_connect           
2000a36d  exosite_pal_sock_is_connected      
2000a379  exosite_pal_sock_read              
2000a3bd  exosite_pal_sock_write             
2000a3ed  exosite_pal_sock_close             
2000a401  exosite_pal_load_cik               
2000a481  exosite_pal_save_cik               
2000a4e9  exosite_pal_remove_cik             
2000a4f5  exosite_pal_timer_expired          
2000a511  exosite_pal_timer_countdown_ms     
2000a529  exosite_pal_timer_countdown        
2000a547  exosite_pal_timer_left_ms          
2000a579  exosite_pal_timer_init             
2000a5e1  exosite_pal_get_current_date_time  
2000b01d  __TI_scanfi                        
2000b4cd  _SlDrvMsgRead                      
2000bab9  pow                                
2000bf39  osi_InterruptRegister              
2000bf5f  osi_InterruptDeRegister            
2000bf71  osi_SyncObjCreate                  
2000bfa1  osi_SyncObjDelete                  
2000bfbb  osi_SyncObjSignal                  
2000bfe3  osi_SyncObjSignalFromISR           
2000c01b  osi_SyncObjWait                    
2000c047  osi_SyncObjClear                   
2000c069  osi_LockObjCreate                  
2000c08f  osi_TaskCreate                     
2000c0cf  osi_TaskDelete                     
2000c0dd  osi_LockObjDelete                  
2000c0ed  osi_LockObjLock                    
2000c119  osi_LockObjUnlock                  
2000c143  osi_Spawn                          
2000c1b1  VStartSimpleLinkSpawnTask          
2000c201  VDeleteSimpleLinkSpawnTask         
2000c22d  osi_MsgQCreate                     
2000c271  osi_MsgQDelete                     
2000c28b  osi_MsgQWrite                      
2000c2bd  osi_MsgQRead                       
2000c2f9  mem_Malloc                         
2000c305  mem_Free                           
2000c311  mem_set                            
2000c325  mem_copy                           
2000c339  osi_EnterCritical                  
2000c343  osi_ExitCritical                   
2000c34d  osi_start                          
2000c355  osi_Sleep                          
2000c365  osi_TaskDisable                    
2000c36f  osi_TaskEnable                     
2000c379  osi_ContextSave                    
2000c37b  osi_ContextRestore                 
2000c3d5  TMP006DrvOpen                      
2000c637  TMP006DrvGetTemp                   
2000c7a1  minit                              
2000c82f  malloc                             
2000c897  free                               
2000c959  realloc                            
2000ca65  memalign                           
2000cb49  calloc                             
2000cbb9  GPIO_IF_LedConfigure               
2000cbf7  GPIO_IF_LedOn                      
2000ccab  GPIO_IF_LedOff                     
2000cd5f  GPIO_IF_LedStatus                  
2000cdc9  GPIO_IF_LedToggle                  
2000cdf7  GPIO_IF_GetPortNPin                
2000ce3d  GPIO_IF_ConfigureNIntEnable        
2000ce7f  GPIO_IF_Set                        
2000ceb9  GPIO_IF_Get                        
2000cf11  write                              
2000cfa1  remove                             
2000cfa1  unlink                             
2000cfc5  rename                             
2000d003  remove_device                      
2000d02b  read                               
2000d04f  open                               
2000d0fd  lseek                              
2000d121  close                              
2000d171  add_device                         
2000d21d  _Log                               
2000d501  HOSTwrite                          
2000d54d  HOSTunlink                         
2000d585  HOSTtime                           
2000d5bf  HOSTrename                         
2000d61d  HOSTread                           
2000d669  HOSTopen                           
2000d6bb  HOSTlseek                          
2000d717  HOSTgetenv                         
2000d755  HOSTclose                          
2000d78d  HOSTclock                          
2000d849  I2C_IF_Write                       
2000d8ff  I2C_IF_Read                        
2000d9bb  I2C_IF_ReadFrom                    
2000da05  I2C_IF_Open                        
2000da4d  I2C_IF_Close                       
2000da65  InitTerm                           
2000da83  Message                            
2000daa5  ClearTerm                          
2000daaf  Error                              
2000dae7  GetCmd                             
2000db9d  TrimSpace                          
2000dc35  Report                             
2000dcf5  _SlDrvRxHdrRead                    
2000df3d  strtod                             
2000e175  strtold                            
2000e39d  _Exp                               
2000e599  __aeabi_uldivmod                   
2000e78d  GetRegisterValue                   
2000e7b7  SetRegisterValue                   
2000e7f1  BlockRead                          
2000e827  BMA222Open                         
2000e849  BMA222Close                        
2000e84d  BMA222Read                         
2000e8c9  BMA222ReadNew                      
2000e979  strtoll                            
2000eb5d  _SlDrvReleasePoolObj               
2000ed2d  _SlDrvMsgWrite                     
2000efc1  __TI_cleanup                       
2000efed  freopen                            
2000f017  fopen                              
2000f0bd  __aeabi_dsub                       
2000f0c7  __aeabi_dadd                       
2000f275  _SlDrvWaitForPoolObj               
2000f405  _SlDrvDriverCBInit                 
2000f579  _SlFindAndSetActiveObj             
2000f6e9  strtoull                           
2000f855  sl_NetAppPingStart                 
2000f9bd  spi_Open                           
2000fb09  __aeabi_ddiv                       
2000fc41  PRCMCC3200MCUInit                  
2000fd75  fputs                              
2000fe81  puts                               
2000fea9  strtol                             
2000ffdd  vListInitialise                    
2001000d  vListInitialiseItem                
2001001d  vListInsertEnd                     
20010059  vListInsert                        
200100bf  uxListRemove                       
20010109  _SlDrvDataReadOp                   
20010231  strtoul                            
20010345  pxPortInitialiseStack              
20010395  xPortStartScheduler                
200103c1  vPortEndScheduler                  
200103c3  vPortYield                         
200103d5  vPortEnterCritical                 
200103ed  vPortExitCritical                  
20010405  xPortSysTickHandler                
20010421  vPortSetupTimerInterrupt           
20010455  _Dscale                            
20010565  sl_Connect                         
2001066d  sl_Send                            
20010775  _SlDrvDataWriteOp                  
20010879  sl_NetAppDnsGetHostByName          
2001097d  _SlDrvNetAppEventHandler           
20010a7b  __aeabi_dmul                       
20010b77  __aeabi_fsub                       
20010b7b  __aeabi_fadd                       
20010c71  _SlDrvDriverCBDeinit               
20010d65  sl_FsRead                          
20010e59  uDMAChannelTransferSet             
20010f49  sl_FsWrite                         
20011035  setvbuf                            
20011111  spi_Read                           
200111ed  _SlDrvClassifyRxMsg                
200112c5  sl_Stop                            
20011399  vsscanf                            
200113ab  sscanf                             
20011465  SmartConfigConnect                 
200114cf  SmartConfigStop                    
20011531  _sl_HandleAsync_DnsGetHostByService
200115f9  __TI_doflush                       
20011645  fflush                             
200116c1  _SlRemoveFromList                  
20011781  _Dint                              
20011841  _Dnorm                             
20011901  _SlDrvMsgReadCmdCtx                
200119bd  sl_Start                           
20011a7d  ulPortSetInterruptMask             
20011a93  vPortClearInterruptMask            
20011aa1  xPortPendSVHandler                 
20011aed  vPortSVCHandler                    
20011b15  prvPortStartFirstTask              
20011b2d  portCLZ                            
20011b35  _SlAsyncEventGenericHandler        
20011bed  SimpleLinkPingReport               
20011c05  ConnectionTest                     
20011ca5  __TI_wrt_ok                        
20011d07  __TI_rd_ok                         
20011d51  IntDisable                         
20011df9  IntEnable                          
20011ea1  sl_NetCfgGet                       
20011f49  SPIConfigSetExpClk                 
20011fe9  _SlDrvMsgReadSpawnCtx              
20012085  __aeabi_memcpy                     
20012085  __aeabi_memcpy4                    
20012085  __aeabi_memcpy8                    
20012085  memcpy                             
20012121  _sl_GetCreateFsMode                
200121b9  __TI_closefile                     
2001221f  fclose                             
20012251  fputc                              
20012251  putc                               
200122d5  putchar                            
200122e9  PRCMPeripheralClockGet             
2001237d  snprintf                           
20012411  sl_WlanGet                         
200124a5  __aeabi_fdiv                       
20012539  sl_WlanSmartConfigStart            
200126e1  _sl_HandleAsync_DnsGetHostByName   
2001276d  _sl_HandleAsync_PingResponse       
200127f9  spi_Write                          
20012885  PinConfigSet                       
2001290d  vsnprintf                          
20012995  sl_FsClose                         
20012a1d  __aeabi_cdcmpeq                    
20012a1d  __aeabi_cdcmple                    
20012aa3  __aeabi_cdrcmple                   
20012b29  I2CMasterInitExpClk                
20012bad  NwpPowerOnPreamble                 
20012c31  GPIOIntTypeSet                     
20012cb5  _SlDrvCmdOp                        
20012e35  _sl_HandleAsync_InitComplete       
20012eb1  __aeabi_memclr                     
20012eb1  __aeabi_memclr4                    
20012eb1  __aeabi_memclr8                    
20012eb3  __aeabi_memset                     
20012eb3  __aeabi_memset4                    
20012eb3  __aeabi_memset8                    
20012eb9  memset                             
20012f2d  _sl_HandleAsync_Connect            
20012fa5  sl_FsOpen                          
2001301d  spi_Close                          
20013095  UARTConfigSetExpClk                
2001310d  PinMuxConfig                       
20013181  sl_Recv                            
200131fd  printf                             
20013265  _SlDrvCmdSend                      
200132d1  __TI_auto_init                     
200133a9  _sl_NetAppSendTokenValue           
20013411  __TI_writemsg                      
2001343f  C$$IO$$                            
20013443  __TI_readmsg                       
20013479  sl_DevSet                          
200134e1  sl_SetSockOpt                      
20013549  _Dunscale                          
200135b1  fseek                              
20013615  uDMAChannelAttributeDisable        
20013679  uDMAChannelAttributeEnable         
200136dd  _sl_HandleAsync_Accept             
2001373d  sprintf                            
2001379d  sl_WlanPolicySet                   
200137fd  sl_Socket                          
20013859  IntPendClear                       
200138b1  PRCMPeripheralReset                
20013909  ltoa                               
20013961  IntPrioritySet                     
200139b5  _sl_HandleAsync_Select             
20013a09  _sl_HandleAsync_Stop               
20013a59  sl_FsDel                           
20013aa9  SPIIntEnable                       
20013af5  _SlDrvProtectAsyncRespSetting      
20013b41  _SlDrvRxIrqHandler                 
20013b8d  _sl_BuildAddress                   
20013bd9  atoi                               
20013c25  copy_in                            
20013c71  uDMAChannelAssign                  
20013cbd  __aeabi_d2f                        
20013d09  SPIIntClear                        
20013d51  _SlDrvBasicCmd                     
20013d99  __aeabi_d2iz                       
20013de1  __aeabi_l2f                        
20013e29  ldexp                              
20013ef9  C$$EXIT                            
20013efd  abort                              
20013f05  exit                               
20013f3d  sl_Htonl                           
20013f81  PinModeSet                         
20013fc1  signal                             
20014001  strtok                             
20014041  CopyPingResultsToReport            
2001407d  PRCMPeripheralClkEnable            
200140b9  _sl_TruncatePayloadByProtocol      
200140f5  _c_int00                           
20014131  sl_Htons                           
2001416d  uDMAChannelControlSet              
200141a9  NwpPowerOff                        
200141e1  pvPortMalloc                       
20014201  vPortFree                          
20014219  __aeabi_f2d                        
20014251  __aeabi_f2iz                       
20014289  __aeabi_i2f                        
200142c1  GPIODirModeSet                     
200142f9  PRCMPeripheralStatusGet            
2001432d  SPIFIFOLevelSet                    
20014361  feraiseexcept                      
20014395  __aeabi_f2uiz                      
200143c9  strstr                             
200143fd  PinTypeGPIO                        
2001442d  UARTDisable                        
2001445d  _SlDrvDeviceEventHandler           
2001448d  _sl_Strlen                         
200144bd  strncpy                            
200144ed  _Feraise                           
2001451d  sl_Close                           
2001454d  sl_WlanSetMode                     
2001457d  __aeabi_i2d                        
200145ab  raise                              
200145d9  DmaSpiSwIntHandler                 
20014605  I2CMasterErr                       
20014631  NwpPowerOn                         
2001465d  PRCMSysResetCauseGet               
20014689  _nassert                           
2001468b  _abort_msg                         
200146a1  _assert                            
200146b5  strspn                             
200146df  _Dclass                            
20014709  PRCMPeripheralClkDisable           
20014731  sl_NetAppStart                     
20014759  sl_NetAppStop                      
20014781  NwpRegisterInterruptHandler        
200147a9  IntUnregister                      
200147cd  UARTEnable                         
200147f1  _SlDrvProtectionObjLockWaitForever 
20014815  memmove                            
20014839  strcspn                            
2001485d  GPIOIntStatus                      
2001487f  I2CMasterSlaveAddrSet              
200148a1  SPIReset                           
200148c3  SPIWordCountSet                    
200148e5  frexp                              
20014907  memcmp                             
20014929  GPIOPinWrite                       
20014949  IntRegister                        
20014969  _SlDrvProtectionObjUnLock          
20014989  memchr                             
200149a9  I2CMasterIntStatusEx               
200149c7  UARTCharPut                        
20014a03  PinTypeI2C                         
20014a1f  UARTCharGetNonBlocking             
20014a3b  _SlDrvObjLockWaitForever           
20014a57  _SlDrvSyncObjWaitForever           
20014a73  memccpy                            
20014a91  uDMAChannelEnable                  
20014aad  GPIOIntDisable                     
20014ac7  GPIOIntEnable                      
20014ae1  PinTypeUART                        
20014afb  SPIDmaDisable                      
20014b15  SPIDmaEnable                       
20014b2f  SPIFIFODisable                     
20014b49  SPIFIFOEnable                      
20014b63  GPIOPinRead                        
20014b7b  SPICSDisable                       
20014b93  SPICSEnable                        
20014bab  SPIDisable                         
20014bc3  SPIEnable                          
20014bdb  UARTCharsAvail                     
20014bf3  _SlDrvObjUnLock                    
20014c0b  _SlDrvSyncObjSignal                
20014c25  _sl_GetStartResponseConvert        
20014c3d  _args_main                         
20014c55  __aeabi_lmul                       
20014c6d  strcmp                             
20014c85  strrchr                            
20014c9d  I2CMasterDataPut                   
20014cb3  I2CMasterEnable                    
20014cc9  PRCMHIBRegRead                     
20014cdf  PRCMHIBRegWrite                    
20014cf5  _SlDrvMemZero                      
20014d0b  strchr                             
20014d21  CPUcpsie                           
20014d35  GPIOIntClear                       
20014d49  IntVTableBaseSet                   
20014d5d  _register_unlock                   
20014d63  _register_lock                     
20014d6b  _nop                               
20014d71  strcpy                             
20014d85  strlen                             
20014d99  I2CMasterControl                   
20014dab  I2CMasterIntClearEx                
20014dbd  I2CMasterTimeoutSet                
20014dcf  I2CMasterDataGet                   
20014ddd  _SlDrvResetCmdExt                  
20014deb  __TI_decompress_none               
20014df9  ResetISR                           
20014e09  NwpMaskInterrupt                   
20014e15  NwpUnMaskInterrupt                 
20014e21  __TI_zero_init                     
20014e2d  sl_WlanSmartConfigStop             
20014e39  IntMasterEnable                    
20014e43  bzero                              
20014e4b  UtilsDelay                         
20014e51  __TI_decompress_rle24              
20014e57  log                                
20014e5d  _system_pre_init                   
20014e60  _ctypes_                           
20015428  OpcodeTranslateTable               
20015464  _SlPolicySetCmdCtrl                
20015468  _SlPolicyGetCmdCtrl                
2001546c  _SlProfileGetCmdCtrl               
20015470  _SlProfileDelCmdCtrl               
20015474  _SlWlanGetNetworkListCtrl          
20015478  _SlRxFilterAddtCmdCtrl             
2001547c  _SlRxFilterSetCmdCtrl              
20015480  _SlRxFilterGetCmdCtrl              
20015484  _SlSmartConfigStartCmdCtrl         
20015488  _SlWlanSetModeCmdCtrl              
2001548c  _SlWlanCfgSetCmdCtrl               
20015490  _SlWlanCfgGetCmdCtrl               
200154a0  _SlActionLookupTable               
20015510  _SlFsOpenCmdCtrl                   
20015514  _SlFsCloseCmdCtrl                  
20015518  _SlFsReadCmdCtrl                   
2001551c  _SlFsWriteCmdCtrl                  
20015520  _SlFsGetInfoCmdCtrl                
20015524  _SlFsDeleteCmdCtrl                 
20015548  g_H2NSyncPattern                   
20015550  g_H2NCnysPattern                   
20015558  RxMsgClassLUT                      
2001557c  _SlSockSocketCmdCtrl               
20015580  _SlSockCloseCmdCtrl                
20015584  _SlRecvfomCmdCtrl                  
20015588  _SlSendCmdCtrl                     
2001558c  _SlListenCmdCtrl                   
20015590  _SlAcceptCmdCtrl                   
20015594  _SlRecvCmdCtrl                     
20015598  _SlSetSockOptCmdCtrl               
2001559c  _SlGetSockOptCmdCtrl               
200155a0  _SlSelectCmdCtrl                   
200155e0  _SlNetAppStartCtrl                 
200155e4  _SlNetAppStopCtrl                  
200155e8  _SlGetServiceListeCtrl             
200155ec  _SlRegisterServiceCtrl             
200155f0  _SlGetHostByServiceCtrl            
200155f4  _SlGetHostByNameCtrl               
200155f8  _SlNetAppSetCmdCtrl                
200155fc  _SlNetAppSendTokenValueCmdCtrl     
20015600  _SlNetAppGetCmdCtrl                
20015644  _SlStopCmdCtrl                     
20015648  _SlEventMaskSetCmdCtrl             
2001564c  _SlEventMaskGetCmdCtrl             
20015650  _SlDeviceGetCmdCtrl                
20015654  _SlDeviceSetCmdCtrl                
20015658  _SlPayloadByProtocolLUT            
20015678  StartResponseLUT                   
20015680  _SlNetCfgSetCmdCtrl                
20015684  _SlNetCfgGetCmdCtrl                
20015688  __TI_static_base__                 
200157c4  __TI_Handler_Table_Base            
200157d0  __TI_Handler_Table_Limit           
200157d8  __TI_CINIT_Base                    
200157e8  __TI_CINIT_Limit                   
20017000  _sys_memory                        
2001c918  g_StatMem                          
2001ca90  __CIOBUF_                          
2001cc78  __TI_tmpnams                       
2001cd98  g_ucDinDout                        
2001cde8  xQueueRegistry                     
2001ced0  DMAMsgQ                            
2001cee8  g_cDummy                           
2001cef8  RxIrqCnt                           
2001cef9  g_ucLED1Pin                        
2001cefa  g_ucLED2Pin                        
2001cefb  g_ucLED3Pin                        
2001cf00  _ftable                            
2001d170  _Denorm                            
2001d180  _Eps                               
2001d190  _Hugeval                           
2001d1a0  _Inf                               
2001d1b0  _Nan                               
2001d1c0  _Snan                              
2001d1d0  _Rteps                             
2001d1e0  _Xbig                              
2001d1e8  _Zero                              
2001d258  _FDenorm                           
2001d268  _FEps                              
2001d278  _FInf                              
2001d288  _FNan                              
2001d298  _FSnan                             
2001d2a8  _FRteps                            
2001d2b8  _FXbig                             
2001d2bc  _FZero                             
2001d2c0  pxCurrentTCB                       
2001d308  g_uiLED1Port                       
2001d30c  g_uiLED2Port                       
2001d310  g_uiLED3Port                       
2001d314  __TI_ft_end                        
2001d318  __aeabi_stdin                      
2001d31c  __aeabi_stdout                     
2001d320  __aeabi_stderr                     
2001d324  xHigherPriorityTaskWoken           
2001d328  xSimpleLinkSpawnQueue              
2001d32c  xSimpleLinkSpawnTaskHndl           
2001d33c  g_SpiFd                            
2001d340  g_pHostIntHdl                      
2001d344  g_ucDMAEnabled                     
2001d348  g_pCB                              
2001d34c  pPingCallBackFunc                  
2001d350  gFirstCmdMode                      
2001d354  g_uiPingPacketsRecv                
2001d358  g_uiPingDone                       
2001d35c  _lock                              
2001d360  _unlock                            
2001d364  __TI_cleanup_ptr                   
2001d368  __TI_dtors_ptr                     
2001d36c  _Fenv                              
2001d370  _Tls_setup__Fenv                   
2001d37c  _Errno                             
2001d384  main_func_sp                       
2002c000  __stack                            
20030000  __STACK_END                        
ffffffff  __binit__                          
ffffffff  __c_args__                         
ffffffff  binit                              
UNDEFED   SHT$$INIT_ARRAY$$Base              
UNDEFED   SHT$$INIT_ARRAY$$Limit             

[622 symbols]
